../Core/Src/app.c:121:5:__io_putchar	16	static
../Core/Src/app.c:127:14:Timer_GetUpdatePeriod_s	40	static
../Core/Src/app.c:147:6:_integrate_omega	24	static
../Core/Src/app.c:152:13:App_GetMotionFeedback	16	static
../Core/Src/app.c:163:14:App_ClampFloat	24	static
../Core/Src/app.c:193:13:App_ResetWallAssist	4	static
../Core/Src/app.c:209:13:App_UpdateWallAssistFromIr	56	static
../Core/Src/app.c:325:13:App_ApplyWallAssist	24	static
../Core/Src/app.c:353:13:App_HandleFrontAntiCollision	24	static
../Core/Src/app.c:401:6:HAL_TIM_PWM_PulseFinishedCallback	16	static
../Core/Src/app.c:407:6:HAL_GPIO_EXTI_Callback	16	static
../Core/Src/app.c:418:6:HAL_TIM_PeriodElapsedCallback	40	static
../Core/Src/app.c:456:6:HAL_ADC_ConvCpltCallback	16	static
../Core/Src/app.c:461:13:App_MazeBeginWallRead	16	static
../Core/Src/app.c:475:13:App_MazeReadWalls	96	static
../Core/Src/app.c:528:13:App_MazeMotionDone	16	static
../Core/Src/app.c:541:13:App_MazeStartMoveCells	72	static
../Core/Src/app.c:583:13:App_MazeStartMoveCell	16	static
../Core/Src/app.c:588:13:App_MazeStartTurnDeg	56	static
../Core/Src/app.c:623:13:App_MazeStopMotion	16	static
../Core/Src/app.c:634:13:App_MazeLog	16	static
../Core/Src/app.c:642:13:App_StartMazeSolver	64	static
../Core/Src/app.c:688:13:App_StopMazeSolver	8	static
../Core/Src/app.c:702:13:App_StartFastRunAfterButton	16	static
../Core/Src/app.c:747:13:App_HandleMazeSolverFinished	72	static
../Core/Src/app.c:816:6:App_Init	96	static
../Core/Src/app.c:923:6:App_Loop	272	static
