../Core/Src/encoder.c:5:17:Encoder_ReadCounter	16	static
../Core/Src/encoder.c:10:17:Encoder_ReadAutoReload	16	static
../Core/Src/encoder.c:15:16:Encoder_ComputeWrappedDelta	128	static
../Core/Src/encoder.c:57:16:Encoder_Init	32	static
../Core/Src/encoder.c:102:6:Encoder_Reset	16	static
../Core/Src/encoder.c:125:6:Encoder_Update	48	static
../Core/Src/encoder.c:189:6:Encoder_SetVelocityFilterTau	16	static
../Core/Src/encoder.c:200:6:Encoder_ResetVelocityFilter	16	static
../Core/Src/encoder.c:212:9:Encoder_GetPositionTicks	16	static
../Core/Src/encoder.c:217:9:Encoder_GetDeltaTicks	16	static
../Core/Src/encoder.c:222:7:Encoder_GetPositionRad	16	static
../Core/Src/encoder.c:227:7:Encoder_GetRawVelocityTicksPerSecond	16	static
../Core/Src/encoder.c:232:7:Encoder_GetRawVelocityRadPerSecond	16	static
../Core/Src/encoder.c:237:7:Encoder_GetVelocityTicksPerSecond	16	static
../Core/Src/encoder.c:242:7:Encoder_GetVelocityRadPerSecond	16	static
../Core/Src/encoder.c:247:10:Encoder_GetRawCounter	16	static
