../Core/Src/ir_array.c:7:13:ir_write_pin	24	static
../Core/Src/ir_array.c:12:13:ir_set_enable	24	static
../Core/Src/ir_array.c:18:13:ir_set_address	16	static
../Core/Src/ir_array.c:25:6:IR_Array_AllEmittersOff	16	static
../Core/Src/ir_array.c:36:13:ir_select_and_enable_led	16	static
../Core/Src/ir_array.c:46:20:ir_timer_start_us	16	static
../Core/Src/ir_array.c:67:13:ir_timer_stop	16	static
../Core/Src/ir_array.c:75:13:ir_stop_adc	16	static
../Core/Src/ir_array.c:96:20:ir_start_adc	16	static
../Core/Src/ir_array.c:144:17:ir_get_mapped_sample	24	static
../Core/Src/ir_array.c:161:13:ir_fault	16	static
../Core/Src/ir_array.c:177:20:ir_validate_init	24	static
../Core/Src/ir_array.c:233:13:IR_Array_Init	24	static
../Core/Src/ir_array.c:293:13:IR_Array_StartFrame	24	static
../Core/Src/ir_array.c:334:6:IR_Array_Stop	16	static
../Core/Src/ir_array.c:349:6:IR_Array_OnTimerElapsed	24	static
../Core/Src/ir_array.c:408:6:IR_Array_OnAdcConvCplt	24	static
../Core/Src/ir_array.c:502:6:IR_Array_IsBusy	16	static
../Core/Src/ir_array.c:507:6:IR_Array_FrameReady	16	static
../Core/Src/ir_array.c:512:6:IR_Array_ClearFrameReady	16	static
