../Core/Src/ir_array.c:7:13:_ir_write_pin	24	static
../Core/Src/ir_array.c:12:13:_ir_set_enable	24	static
../Core/Src/ir_array.c:18:13:_ir_set_address	16	static
../Core/Src/ir_array.c:25:13:_ir_select_and_enable_led	16	static
../Core/Src/ir_array.c:35:20:_ir_timer_start_us	16	static
../Core/Src/ir_array.c:56:13:_ir_timer_stop	16	static
../Core/Src/ir_array.c:64:13:_ir_stop_adc	16	static
../Core/Src/ir_array.c:85:20:_ir_start_adc	16	static
../Core/Src/ir_array.c:133:17:_ir_get_mapped_sample	24	static
../Core/Src/ir_array.c:150:13:_ir_fault	16	static
../Core/Src/ir_array.c:166:20:_ir_validate_init	24	static
../Core/Src/ir_array.c:222:13:IR_Array_Init	24	static
../Core/Src/ir_array.c:282:13:IR_Array_StartFrame	24	static
../Core/Src/ir_array.c:323:6:IR_Array_Stop	16	static
../Core/Src/ir_array.c:338:6:IR_Array_AllEmittersOff	16	static
../Core/Src/ir_array.c:349:6:IR_Array_OnTimerElapsed	24	static
../Core/Src/ir_array.c:408:6:IR_Array_OnAdcConvCplt	24	static
../Core/Src/ir_array.c:503:6:IR_Array_IsBusy	16	static
../Core/Src/ir_array.c:508:6:IR_Array_FrameReady	16	static
../Core/Src/ir_array.c:513:6:IR_Array_ClearFrameReady	16	static
