../Core/Src/ir_sensors.c:30:13:IR_Sensors_Init	136	static
../Core/Src/ir_sensors.c:109:13:IR_Sensors_StartFrame	8	static
../Core/Src/ir_sensors.c:119:6:IR_Sensors_Stop	8	static
../Core/Src/ir_sensors.c:129:6:IR_Sensors_IsBusy	8	static
../Core/Src/ir_sensors.c:139:6:IR_Sensors_FrameReady	8	static
../Core/Src/ir_sensors.c:149:6:IR_Sensors_ClearFrameReady	8	static
../Core/Src/ir_sensors.c:159:16:IR_Sensors_GetSignal	4	static
../Core/Src/ir_sensors.c:164:16:IR_Sensors_GetDigitalSignal	4	static
../Core/Src/ir_sensors.c:170:13:IR_Sensors_GetLastError	4	static
../Core/Src/ir_sensors.c:175:10:IR_Sensors_GetTimeoutCount	4	static
../Core/Src/ir_sensors.c:180:6:IR_Sensors_OnAdcConvCplt	16	static
../Core/Src/ir_sensors.c:190:6:IR_Sensors_OnTimerElapsed	16	static
../Core/Src/ir_sensors.c:200:13:IR_Sensors_GetHandle	4	static
