../Core/Src/main.c:149:5:__io_putchar	16	static
../Core/Src/main.c:157:14:Timer_GetUpdatePeriod_s	40	static
../Core/Src/main.c:177:6:updateVelocityLoop	8	static
../Core/Src/main.c:186:6:HAL_TIM_PWM_PulseFinishedCallback	16	static
../Core/Src/main.c:195:6:HAL_GPIO_EXTI_Callback	16	static
../Core/Src/main.c:203:6:HAL_TIM_PeriodElapsedCallback	16	static
../Core/Src/main.c:299:6:HAL_ADC_ConvCpltCallback	16	static
../Core/Src/main.c:345:5:main	56	static
../Core/Src/main.c:500:6:SystemClock_Config	88	static
../Core/Src/main.c:546:13:MX_ADC1_Init	56	static
../Core/Src/main.c:641:13:MX_ADC2_Init	40	static
../Core/Src/main.c:709:13:MX_SPI1_Init	8	static
../Core/Src/main.c:749:13:MX_TIM1_Init	120	static
../Core/Src/main.c:843:13:MX_TIM2_Init	56	static
../Core/Src/main.c:892:13:MX_TIM3_Init	40	static
../Core/Src/main.c:937:13:MX_TIM4_Init	56	static
../Core/Src/main.c:986:13:MX_TIM6_Init	24	static
../Core/Src/main.c:1024:13:MX_TIM7_Init	24	static
../Core/Src/main.c:1062:13:MX_TIM8_Init	120	static
../Core/Src/main.c:1144:13:MX_TIM16_Init	8	static
../Core/Src/main.c:1176:13:MX_USART2_UART_Init	8	static
../Core/Src/main.c:1222:13:MX_DMA_Init	16	static
../Core/Src/main.c:1253:13:MX_GPIO_Init	48	static
../Core/Src/main.c:1324:6:Error_Handler	4	static,ignoring_inline_asm
