../Core/Src/main.c:162:5:__io_putchar	16	static
../Core/Src/main.c:170:14:Timer_GetUpdatePeriod_s	40	static
../Core/Src/main.c:190:6:updateVelocityLoop	8	static
../Core/Src/main.c:199:6:HAL_TIM_PWM_PulseFinishedCallback	16	static
../Core/Src/main.c:208:6:HAL_GPIO_EXTI_Callback	16	static
../Core/Src/main.c:216:6:HAL_TIM_PeriodElapsedCallback	16	static
../Core/Src/main.c:227:13:IR_Demux_Disable	8	static
../Core/Src/main.c:234:13:IR_Demux_Enable	8	static
../Core/Src/main.c:239:13:IR_Demux_Select	16	static
../Core/Src/main.c:256:13:IR_LED_On	16	static
../Core/Src/main.c:263:13:IR_LED_Off	8	static
../Core/Src/main.c:268:13:DWT_Delay_Init	4	static
../Core/Src/main.c:275:13:delay_us	24	static
../Core/Src/main.c:286:13:IR_LED_Pulse_us	16	static
../Core/Src/main.c:298:6:HAL_ADC_ConvCpltCallback	16	static
../Core/Src/main.c:310:13:IR_ADC_DMA_Start	8	static
../Core/Src/main.c:334:13:IR_ADC_UpdateRawValues	4	static
../Core/Src/main.c:351:5:main	32	static
../Core/Src/main.c:492:6:SystemClock_Config	88	static
../Core/Src/main.c:538:13:MX_ADC1_Init	56	static
../Core/Src/main.c:633:13:MX_ADC2_Init	40	static
../Core/Src/main.c:701:13:MX_SPI1_Init	8	static
../Core/Src/main.c:741:13:MX_TIM1_Init	120	static
../Core/Src/main.c:835:13:MX_TIM2_Init	56	static
../Core/Src/main.c:884:13:MX_TIM4_Init	56	static
../Core/Src/main.c:933:13:MX_TIM6_Init	24	static
../Core/Src/main.c:971:13:MX_TIM7_Init	24	static
../Core/Src/main.c:1009:13:MX_TIM8_Init	120	static
../Core/Src/main.c:1091:13:MX_USART2_UART_Init	8	static
../Core/Src/main.c:1137:13:MX_DMA_Init	16	static
../Core/Src/main.c:1168:13:MX_GPIO_Init	48	static
../Core/Src/main.c:1239:6:Error_Handler	4	static,ignoring_inline_asm
