../Core/Src/main.c:165:5:__io_putchar	16	static
../Core/Src/main.c:173:14:Timer_GetUpdatePeriod_s	40	static
../Core/Src/main.c:193:6:updateVelocityLoop	8	static
../Core/Src/main.c:202:6:HAL_TIM_PWM_PulseFinishedCallback	16	static
../Core/Src/main.c:211:6:HAL_GPIO_EXTI_Callback	16	static
../Core/Src/main.c:219:6:HAL_TIM_PeriodElapsedCallback	16	static
../Core/Src/main.c:231:13:IR_Demux_Disable	8	static
../Core/Src/main.c:238:13:IR_Demux_Enable	8	static
../Core/Src/main.c:243:13:IR_Demux_Select	16	static
../Core/Src/main.c:260:13:IR_LED_On	16	static
../Core/Src/main.c:267:13:IR_LED_Off	8	static
../Core/Src/main.c:272:13:DWT_Delay_Init	4	static
../Core/Src/main.c:279:13:delay_us	24	static
../Core/Src/main.c:290:13:IR_LED_Pulse_us	16	static
../Core/Src/main.c:302:6:HAL_ADC_ConvCpltCallback	16	static
../Core/Src/main.c:314:13:IR_ADC_DMA_Start	8	static
../Core/Src/main.c:338:13:IR_ADC_UpdateRawValues	4	static
../Core/Src/main.c:355:5:main	32	static
../Core/Src/main.c:502:6:SystemClock_Config	88	static
../Core/Src/main.c:548:13:MX_ADC1_Init	56	static
../Core/Src/main.c:643:13:MX_ADC2_Init	40	static
../Core/Src/main.c:711:13:MX_SPI1_Init	8	static
../Core/Src/main.c:751:13:MX_TIM1_Init	120	static
../Core/Src/main.c:845:13:MX_TIM2_Init	56	static
../Core/Src/main.c:894:13:MX_TIM4_Init	56	static
../Core/Src/main.c:943:13:MX_TIM6_Init	24	static
../Core/Src/main.c:981:13:MX_TIM7_Init	24	static
../Core/Src/main.c:1019:13:MX_TIM8_Init	120	static
../Core/Src/main.c:1101:13:MX_USART2_UART_Init	8	static
../Core/Src/main.c:1147:13:MX_DMA_Init	16	static
../Core/Src/main.c:1178:13:MX_GPIO_Init	48	static
../Core/Src/main.c:1249:6:Error_Handler	4	static,ignoring_inline_asm
