../Core/Src/main.c:145:5:__io_putchar	16	static
../Core/Src/main.c:153:16:clamp_pwm	16	static
../Core/Src/main.c:160:17:pwm_to_compare	24	static
../Core/Src/main.c:166:13:motor_set_one	32	static
../Core/Src/main.c:192:6:motors_start_pwm	8	static
../Core/Src/main.c:203:6:motors_set	16	static
../Core/Src/main.c:209:6:motors_stop	8	static
../Core/Src/main.c:214:13:NeoPixel_SetPixel	24	static
../Core/Src/main.c:230:6:NeoPixel_Show	16	static
../Core/Src/main.c:246:6:NeoPixel_SetColor	16	static
../Core/Src/main.c:252:6:HAL_TIM_PWM_PulseFinishedCallback	16	static
../Core/Src/main.c:261:9:IMU_ReadWhoAmI	24	static
../Core/Src/main.c:275:6:IMU_WriteReg	24	static
../Core/Src/main.c:287:6:IMU_ReadRegs	24	static
../Core/Src/main.c:297:6:IMU_InitSimple	8	static
../Core/Src/main.c:320:6:IMU_ReadRaw	40	static
../Core/Src/main.c:336:13:IR_Demux_Disable	8	static
../Core/Src/main.c:343:13:IR_Demux_Enable	8	static
../Core/Src/main.c:348:13:IR_Demux_Select	16	static
../Core/Src/main.c:365:13:IR_LED_On	16	static
../Core/Src/main.c:372:13:IR_LED_Off	8	static
../Core/Src/main.c:377:13:DWT_Delay_Init	4	static
../Core/Src/main.c:384:13:delay_us	24	static
../Core/Src/main.c:395:13:IR_LED_Pulse_us	16	static
../Core/Src/main.c:407:13:IR_ADC_DMA_Start	8	static
../Core/Src/main.c:431:13:IR_ADC_UpdateRawValues	4	static
../Core/Src/main.c:442:6:HAL_ADC_ConvCpltCallback	16	static
../Core/Src/main.c:460:5:main	32	static
../Core/Src/main.c:556:6:SystemClock_Config	88	static
../Core/Src/main.c:602:13:MX_ADC1_Init	56	static
../Core/Src/main.c:695:13:MX_ADC2_Init	40	static
../Core/Src/main.c:762:13:MX_SPI1_Init	8	static
../Core/Src/main.c:802:13:MX_TIM1_Init	120	static
../Core/Src/main.c:896:13:MX_TIM2_Init	56	static
../Core/Src/main.c:945:13:MX_TIM4_Init	56	static
../Core/Src/main.c:994:13:MX_TIM8_Init	120	static
../Core/Src/main.c:1076:13:MX_USART2_UART_Init	8	static
../Core/Src/main.c:1122:13:MX_DMA_Init	16	static
../Core/Src/main.c:1153:13:MX_GPIO_Init	48	static
../Core/Src/main.c:1211:6:Error_Handler	4	static,ignoring_inline_asm
