../Core/Src/main.c:115:5:main	8	static
../Core/Src/main.c:169:6:SystemClock_Config	88	static
../Core/Src/main.c:215:13:MX_ADC1_Init	56	static
../Core/Src/main.c:310:13:MX_ADC2_Init	40	static
../Core/Src/main.c:378:13:MX_SPI1_Init	8	static
../Core/Src/main.c:418:13:MX_TIM1_Init	120	static
../Core/Src/main.c:512:13:MX_TIM2_Init	56	static
../Core/Src/main.c:561:13:MX_TIM4_Init	56	static
../Core/Src/main.c:610:13:MX_TIM6_Init	24	static
../Core/Src/main.c:648:13:MX_TIM8_Init	120	static
../Core/Src/main.c:730:13:MX_USART2_UART_Init	8	static
../Core/Src/main.c:776:13:MX_DMA_Init	16	static
../Core/Src/main.c:807:13:MX_GPIO_Init	48	static
../Core/Src/main.c:865:6:Error_Handler	4	static,ignoring_inline_asm
