../Core/Src/main.c:146:5:__io_putchar	16	static
../Core/Src/main.c:154:6:motors_start_pwm	8	static
../Core/Src/main.c:162:16:clamp_cmd	16	static
../Core/Src/main.c:169:13:set_pwm_permille	24	static
../Core/Src/main.c:180:13:motor_set_one_brake_pwm	32	static
../Core/Src/main.c:210:6:motors_set	16	static
../Core/Src/main.c:216:13:NeoPixel_SetPixel	24	static
../Core/Src/main.c:232:6:NeoPixel_Show	16	static
../Core/Src/main.c:248:6:NeoPixel_SetColor	16	static
../Core/Src/main.c:254:6:HAL_TIM_PWM_PulseFinishedCallback	16	static
../Core/Src/main.c:263:9:IMU_ReadWhoAmI	24	static
../Core/Src/main.c:277:6:IMU_WriteReg	24	static
../Core/Src/main.c:289:6:IMU_ReadRegs	24	static
../Core/Src/main.c:299:6:IMU_InitSimple	8	static
../Core/Src/main.c:322:6:IMU_ReadRaw	40	static
../Core/Src/main.c:338:13:IR_Demux_Disable	8	static
../Core/Src/main.c:345:13:IR_Demux_Enable	8	static
../Core/Src/main.c:350:13:IR_Demux_Select	16	static
../Core/Src/main.c:367:13:IR_LED_On	16	static
../Core/Src/main.c:374:13:IR_LED_Off	8	static
../Core/Src/main.c:379:13:DWT_Delay_Init	4	static
../Core/Src/main.c:386:13:delay_us	24	static
../Core/Src/main.c:397:13:IR_LED_Pulse_us	16	static
../Core/Src/main.c:409:6:HAL_ADC_ConvCpltCallback	16	static
../Core/Src/main.c:421:13:IR_ADC_DMA_Start	8	static
../Core/Src/main.c:445:13:IR_ADC_UpdateRawValues	4	static
../Core/Src/main.c:487:5:main	32	static
../Core/Src/main.c:622:6:SystemClock_Config	88	static
../Core/Src/main.c:668:13:MX_ADC1_Init	56	static
../Core/Src/main.c:763:13:MX_ADC2_Init	40	static
../Core/Src/main.c:831:13:MX_SPI1_Init	8	static
../Core/Src/main.c:871:13:MX_TIM1_Init	120	static
../Core/Src/main.c:965:13:MX_TIM2_Init	56	static
../Core/Src/main.c:1014:13:MX_TIM4_Init	56	static
../Core/Src/main.c:1063:13:MX_TIM8_Init	120	static
../Core/Src/main.c:1145:13:MX_USART2_UART_Init	8	static
../Core/Src/main.c:1191:13:MX_DMA_Init	16	static
../Core/Src/main.c:1222:13:MX_GPIO_Init	48	static
../Core/Src/main.c:1280:6:Error_Handler	4	static,ignoring_inline_asm
