../Core/Src/main.c:147:5:__io_putchar	16	static
../Core/Src/main.c:155:6:motors_start_pwm	8	static
../Core/Src/main.c:163:16:clamp_cmd	16	static
../Core/Src/main.c:170:13:set_pwm_permille	24	static
../Core/Src/main.c:181:13:motor_set_one_brake_pwm	32	static
../Core/Src/main.c:211:6:motors_set	16	static
../Core/Src/main.c:217:6:HAL_TIM_PWM_PulseFinishedCallback	16	static
../Core/Src/main.c:226:9:IMU_ReadWhoAmI	24	static
../Core/Src/main.c:240:6:IMU_WriteReg	24	static
../Core/Src/main.c:252:6:IMU_ReadRegs	24	static
../Core/Src/main.c:262:6:IMU_InitSimple	8	static
../Core/Src/main.c:285:6:IMU_ReadRaw	40	static
../Core/Src/main.c:301:13:IR_Demux_Disable	8	static
../Core/Src/main.c:308:13:IR_Demux_Enable	8	static
../Core/Src/main.c:313:13:IR_Demux_Select	16	static
../Core/Src/main.c:330:13:IR_LED_On	16	static
../Core/Src/main.c:337:13:IR_LED_Off	8	static
../Core/Src/main.c:342:13:DWT_Delay_Init	4	static
../Core/Src/main.c:349:13:delay_us	24	static
../Core/Src/main.c:360:13:IR_LED_Pulse_us	16	static
../Core/Src/main.c:372:6:HAL_ADC_ConvCpltCallback	16	static
../Core/Src/main.c:384:13:IR_ADC_DMA_Start	8	static
../Core/Src/main.c:408:13:IR_ADC_UpdateRawValues	4	static
../Core/Src/main.c:452:5:main	32	static
../Core/Src/main.c:593:6:SystemClock_Config	88	static
../Core/Src/main.c:639:13:MX_ADC1_Init	56	static
../Core/Src/main.c:734:13:MX_ADC2_Init	40	static
../Core/Src/main.c:802:13:MX_SPI1_Init	8	static
../Core/Src/main.c:842:13:MX_TIM1_Init	120	static
../Core/Src/main.c:936:13:MX_TIM2_Init	56	static
../Core/Src/main.c:985:13:MX_TIM4_Init	56	static
../Core/Src/main.c:1034:13:MX_TIM8_Init	120	static
../Core/Src/main.c:1116:13:MX_USART2_UART_Init	8	static
../Core/Src/main.c:1162:13:MX_DMA_Init	16	static
../Core/Src/main.c:1193:13:MX_GPIO_Init	48	static
../Core/Src/main.c:1251:6:Error_Handler	4	static,ignoring_inline_asm
