../Core/Src/main.c:148:5:__io_putchar	16	static
../Core/Src/main.c:156:6:motors_start_pwm	8	static
../Core/Src/main.c:164:16:clamp_cmd	16	static
../Core/Src/main.c:171:13:set_pwm_permille	24	static
../Core/Src/main.c:182:13:motor_set_one_brake_pwm	32	static
../Core/Src/main.c:212:6:motors_set	16	static
../Core/Src/main.c:218:6:HAL_TIM_PWM_PulseFinishedCallback	16	static
../Core/Src/main.c:302:13:IR_Demux_Disable	8	static
../Core/Src/main.c:309:13:IR_Demux_Enable	8	static
../Core/Src/main.c:314:13:IR_Demux_Select	16	static
../Core/Src/main.c:331:13:IR_LED_On	16	static
../Core/Src/main.c:338:13:IR_LED_Off	8	static
../Core/Src/main.c:343:13:DWT_Delay_Init	4	static
../Core/Src/main.c:350:13:delay_us	24	static
../Core/Src/main.c:361:13:IR_LED_Pulse_us	16	static
../Core/Src/main.c:373:6:HAL_ADC_ConvCpltCallback	16	static
../Core/Src/main.c:385:13:IR_ADC_DMA_Start	8	static
../Core/Src/main.c:409:13:IR_ADC_UpdateRawValues	4	static
../Core/Src/main.c:455:5:main	24	static
../Core/Src/main.c:617:6:SystemClock_Config	88	static
../Core/Src/main.c:663:13:MX_ADC1_Init	56	static
../Core/Src/main.c:758:13:MX_ADC2_Init	40	static
../Core/Src/main.c:826:13:MX_SPI1_Init	8	static
../Core/Src/main.c:866:13:MX_TIM1_Init	120	static
../Core/Src/main.c:960:13:MX_TIM2_Init	56	static
../Core/Src/main.c:1009:13:MX_TIM4_Init	56	static
../Core/Src/main.c:1058:13:MX_TIM8_Init	120	static
../Core/Src/main.c:1140:13:MX_USART2_UART_Init	8	static
../Core/Src/main.c:1186:13:MX_DMA_Init	16	static
../Core/Src/main.c:1217:13:MX_GPIO_Init	48	static
../Core/Src/main.c:1275:6:Error_Handler	4	static,ignoring_inline_asm
