../Core/Src/main.c:122:5:main	1
../Core/Src/main.c:178:6:SystemClock_Config	3
../Core/Src/main.c:224:13:MX_ADC1_Init	7
../Core/Src/main.c:319:13:MX_ADC2_Init	4
../Core/Src/main.c:387:13:MX_CORDIC_Init	2
../Core/Src/main.c:413:13:MX_CRC_Init	2
../Core/Src/main.c:444:13:MX_FMAC_Init	2
../Core/Src/main.c:470:13:MX_SPI1_Init	2
../Core/Src/main.c:510:13:MX_TIM1_Init	10
../Core/Src/main.c:604:13:MX_TIM2_Init	3
../Core/Src/main.c:653:13:MX_TIM4_Init	3
../Core/Src/main.c:702:13:MX_TIM8_Init	7
../Core/Src/main.c:784:13:MX_USART2_UART_Init	5
../Core/Src/main.c:830:13:MX_DMA_Init	1
../Core/Src/main.c:861:13:MX_GPIO_Init	1
../Core/Src/main.c:919:6:Error_Handler	1
