../Core/Src/main.c:149:5:__io_putchar	16	static
../Core/Src/main.c:155:14:Timer_GetUpdatePeriod_s	40	static
../Core/Src/main.c:176:6:HAL_TIM_PWM_PulseFinishedCallback	16	static
../Core/Src/main.c:185:6:HAL_GPIO_EXTI_Callback	16	static
../Core/Src/main.c:193:6:HAL_TIM_PeriodElapsedCallback	16	static
../Core/Src/main.c:217:6:HAL_ADC_ConvCpltCallback	16	static
../Core/Src/main.c:230:5:main	64	static
../Core/Src/main.c:373:6:SystemClock_Config	88	static
../Core/Src/main.c:419:13:MX_ADC1_Init	56	static
../Core/Src/main.c:514:13:MX_ADC2_Init	40	static
../Core/Src/main.c:582:13:MX_SPI1_Init	8	static
../Core/Src/main.c:622:13:MX_TIM1_Init	120	static
../Core/Src/main.c:716:13:MX_TIM2_Init	56	static
../Core/Src/main.c:765:13:MX_TIM3_Init	40	static
../Core/Src/main.c:810:13:MX_TIM4_Init	56	static
../Core/Src/main.c:859:13:MX_TIM6_Init	24	static
../Core/Src/main.c:897:13:MX_TIM7_Init	24	static
../Core/Src/main.c:935:13:MX_TIM8_Init	120	static
../Core/Src/main.c:1017:13:MX_TIM16_Init	8	static
../Core/Src/main.c:1049:13:MX_USART2_UART_Init	8	static
../Core/Src/main.c:1095:13:MX_DMA_Init	16	static
../Core/Src/main.c:1126:13:MX_GPIO_Init	48	static
../Core/Src/main.c:1197:6:Error_Handler	4	static,ignoring_inline_asm
