../Core/Src/main.c:101:16:clamp_pwm	16	static
../Core/Src/main.c:108:17:pwm_to_compare	24	static
../Core/Src/main.c:114:13:motor_set_one	32	static
../Core/Src/main.c:140:6:motors_start_pwm	8	static
../Core/Src/main.c:151:6:motors_set	16	static
../Core/Src/main.c:157:6:motors_stop	8	static
../Core/Src/main.c:168:5:main	8	static
../Core/Src/main.c:245:6:SystemClock_Config	88	static
../Core/Src/main.c:291:13:MX_ADC1_Init	56	static
../Core/Src/main.c:384:13:MX_ADC2_Init	40	static
../Core/Src/main.c:451:13:MX_SPI1_Init	8	static
../Core/Src/main.c:491:13:MX_TIM1_Init	120	static
../Core/Src/main.c:585:13:MX_TIM2_Init	56	static
../Core/Src/main.c:634:13:MX_TIM4_Init	56	static
../Core/Src/main.c:683:13:MX_TIM8_Init	120	static
../Core/Src/main.c:765:13:MX_USART2_UART_Init	8	static
../Core/Src/main.c:811:13:MX_DMA_Init	16	static
../Core/Src/main.c:842:13:MX_GPIO_Init	48	static
../Core/Src/main.c:900:6:Error_Handler	4	static,ignoring_inline_asm
