../Core/Src/main.c:149:5:__io_putchar	16	static
../Core/Src/main.c:157:6:motors_start_pwm	8	static
../Core/Src/main.c:165:16:clamp_cmd	16	static
../Core/Src/main.c:172:13:set_pwm_permille	24	static
../Core/Src/main.c:183:13:motor_set_one_brake_pwm	32	static
../Core/Src/main.c:213:6:motors_set	16	static
../Core/Src/main.c:219:6:HAL_TIM_PWM_PulseFinishedCallback	16	static
../Core/Src/main.c:303:13:IR_Demux_Disable	8	static
../Core/Src/main.c:310:13:IR_Demux_Enable	8	static
../Core/Src/main.c:315:13:IR_Demux_Select	16	static
../Core/Src/main.c:332:13:IR_LED_On	16	static
../Core/Src/main.c:339:13:IR_LED_Off	8	static
../Core/Src/main.c:344:13:DWT_Delay_Init	4	static
../Core/Src/main.c:351:13:delay_us	24	static
../Core/Src/main.c:362:13:IR_LED_Pulse_us	16	static
../Core/Src/main.c:374:6:HAL_ADC_ConvCpltCallback	16	static
../Core/Src/main.c:386:13:IR_ADC_DMA_Start	8	static
../Core/Src/main.c:410:13:IR_ADC_UpdateRawValues	4	static
../Core/Src/main.c:459:5:main	32	static
../Core/Src/main.c:647:6:SystemClock_Config	88	static
../Core/Src/main.c:693:13:MX_ADC1_Init	56	static
../Core/Src/main.c:788:13:MX_ADC2_Init	40	static
../Core/Src/main.c:856:13:MX_SPI1_Init	8	static
../Core/Src/main.c:896:13:MX_TIM1_Init	120	static
../Core/Src/main.c:990:13:MX_TIM2_Init	56	static
../Core/Src/main.c:1039:13:MX_TIM4_Init	56	static
../Core/Src/main.c:1088:13:MX_TIM8_Init	120	static
../Core/Src/main.c:1170:13:MX_USART2_UART_Init	8	static
../Core/Src/main.c:1216:13:MX_DMA_Init	16	static
../Core/Src/main.c:1247:13:MX_GPIO_Init	48	static
../Core/Src/main.c:1305:6:Error_Handler	4	static,ignoring_inline_asm
