../Core/Src/main.c:99:5:main	1
../Core/Src/main.c:162:6:SystemClock_Config	3
../Core/Src/main.c:208:13:MX_ADC1_Init	7
../Core/Src/main.c:303:13:MX_ADC2_Init	4
../Core/Src/main.c:371:13:MX_SPI1_Init	2
../Core/Src/main.c:411:13:MX_TIM1_Init	10
../Core/Src/main.c:505:13:MX_TIM2_Init	3
../Core/Src/main.c:554:13:MX_TIM3_Init	4
../Core/Src/main.c:599:13:MX_TIM4_Init	3
../Core/Src/main.c:648:13:MX_TIM6_Init	3
../Core/Src/main.c:686:13:MX_TIM7_Init	3
../Core/Src/main.c:724:13:MX_TIM8_Init	7
../Core/Src/main.c:806:13:MX_TIM16_Init	2
../Core/Src/main.c:838:13:MX_USART2_UART_Init	5
../Core/Src/main.c:884:13:MX_DMA_Init	1
../Core/Src/main.c:915:13:MX_GPIO_Init	1
../Core/Src/main.c:989:6:Error_Handler	1
