../Core/Src/main.c:167:5:__io_putchar	16	static
../Core/Src/main.c:175:14:Timer_GetUpdatePeriod_s	40	static
../Core/Src/main.c:195:6:updateVelocityLoop	8	static
../Core/Src/main.c:204:6:HAL_TIM_PWM_PulseFinishedCallback	16	static
../Core/Src/main.c:213:6:HAL_GPIO_EXTI_Callback	16	static
../Core/Src/main.c:221:6:HAL_TIM_PeriodElapsedCallback	16	static
../Core/Src/main.c:237:13:IR_Demux_Disable	8	static
../Core/Src/main.c:244:13:IR_Demux_Enable	8	static
../Core/Src/main.c:249:13:IR_Demux_Select	16	static
../Core/Src/main.c:266:13:IR_LED_On	16	static
../Core/Src/main.c:273:13:IR_LED_Off	8	static
../Core/Src/main.c:278:13:DWT_Delay_Init	4	static
../Core/Src/main.c:285:13:delay_us	24	static
../Core/Src/main.c:296:13:IR_LED_Pulse_us	16	static
../Core/Src/main.c:308:6:HAL_ADC_ConvCpltCallback	16	static
../Core/Src/main.c:320:13:IR_ADC_DMA_Start	8	static
../Core/Src/main.c:344:13:IR_ADC_UpdateRawValues	4	static
../Core/Src/main.c:361:5:main	48	static
../Core/Src/main.c:502:6:SystemClock_Config	88	static
../Core/Src/main.c:548:13:MX_ADC1_Init	56	static
../Core/Src/main.c:643:13:MX_ADC2_Init	40	static
../Core/Src/main.c:711:13:MX_SPI1_Init	8	static
../Core/Src/main.c:751:13:MX_TIM1_Init	120	static
../Core/Src/main.c:845:13:MX_TIM2_Init	56	static
../Core/Src/main.c:894:13:MX_TIM3_Init	40	static
../Core/Src/main.c:939:13:MX_TIM4_Init	56	static
../Core/Src/main.c:988:13:MX_TIM6_Init	24	static
../Core/Src/main.c:1026:13:MX_TIM7_Init	24	static
../Core/Src/main.c:1064:13:MX_TIM8_Init	120	static
../Core/Src/main.c:1146:13:MX_USART2_UART_Init	8	static
../Core/Src/main.c:1192:13:MX_DMA_Init	16	static
../Core/Src/main.c:1223:13:MX_GPIO_Init	48	static
../Core/Src/main.c:1294:6:Error_Handler	4	static,ignoring_inline_asm
