../Core/Src/main.c:158:5:__io_putchar	16	static
../Core/Src/main.c:164:14:Timer_GetUpdatePeriod_s	40	static
../Core/Src/main.c:185:6:HAL_TIM_PWM_PulseFinishedCallback	16	static
../Core/Src/main.c:194:6:HAL_GPIO_EXTI_Callback	16	static
../Core/Src/main.c:208:6:HAL_TIM_PeriodElapsedCallback	40	static
../Core/Src/main.c:247:6:HAL_ADC_ConvCpltCallback	16	static
../Core/Src/main.c:252:6:integrateOmega	24	static
../Core/Src/main.c:258:13:App_GetMotionFeedback	16	static
../Core/Src/main.c:280:5:main	96	static
../Core/Src/main.c:467:6:SystemClock_Config	88	static
../Core/Src/main.c:513:13:MX_ADC1_Init	56	static
../Core/Src/main.c:608:13:MX_ADC2_Init	40	static
../Core/Src/main.c:676:13:MX_SPI1_Init	8	static
../Core/Src/main.c:716:13:MX_TIM1_Init	120	static
../Core/Src/main.c:810:13:MX_TIM2_Init	56	static
../Core/Src/main.c:859:13:MX_TIM3_Init	40	static
../Core/Src/main.c:904:13:MX_TIM4_Init	56	static
../Core/Src/main.c:953:13:MX_TIM6_Init	24	static
../Core/Src/main.c:991:13:MX_TIM7_Init	24	static
../Core/Src/main.c:1029:13:MX_TIM8_Init	120	static
../Core/Src/main.c:1111:13:MX_TIM16_Init	8	static
../Core/Src/main.c:1143:13:MX_USART2_UART_Init	8	static
../Core/Src/main.c:1189:13:MX_DMA_Init	16	static
../Core/Src/main.c:1220:13:MX_GPIO_Init	48	static
../Core/Src/main.c:1294:6:Error_Handler	4	static,ignoring_inline_asm
