../Core/Src/main.c:145:5:__io_putchar	16	static
../Core/Src/main.c:153:6:motors_start_pwm	8	static
../Core/Src/main.c:161:16:clamp_cmd	16	static
../Core/Src/main.c:168:13:set_pwm_permille	24	static
../Core/Src/main.c:179:13:motor_set_one_brake_pwm	32	static
../Core/Src/main.c:209:6:motors_set	16	static
../Core/Src/main.c:215:13:NeoPixel_SetPixel	24	static
../Core/Src/main.c:231:6:NeoPixel_Show	16	static
../Core/Src/main.c:247:6:NeoPixel_SetColor	16	static
../Core/Src/main.c:253:6:HAL_TIM_PWM_PulseFinishedCallback	16	static
../Core/Src/main.c:262:9:IMU_ReadWhoAmI	24	static
../Core/Src/main.c:276:6:IMU_WriteReg	24	static
../Core/Src/main.c:288:6:IMU_ReadRegs	24	static
../Core/Src/main.c:298:6:IMU_InitSimple	8	static
../Core/Src/main.c:321:6:IMU_ReadRaw	40	static
../Core/Src/main.c:337:13:IR_Demux_Disable	8	static
../Core/Src/main.c:344:13:IR_Demux_Enable	8	static
../Core/Src/main.c:349:13:IR_Demux_Select	16	static
../Core/Src/main.c:366:13:IR_LED_On	16	static
../Core/Src/main.c:373:13:IR_LED_Off	8	static
../Core/Src/main.c:378:13:DWT_Delay_Init	4	static
../Core/Src/main.c:385:13:delay_us	24	static
../Core/Src/main.c:396:13:IR_LED_Pulse_us	16	static
../Core/Src/main.c:408:6:HAL_ADC_ConvCpltCallback	16	static
../Core/Src/main.c:420:13:IR_ADC_DMA_Start	8	static
../Core/Src/main.c:444:13:IR_ADC_UpdateRawValues	4	static
../Core/Src/main.c:462:5:main	32	static
../Core/Src/main.c:583:6:SystemClock_Config	88	static
../Core/Src/main.c:629:13:MX_ADC1_Init	56	static
../Core/Src/main.c:724:13:MX_ADC2_Init	40	static
../Core/Src/main.c:792:13:MX_SPI1_Init	8	static
../Core/Src/main.c:832:13:MX_TIM1_Init	120	static
../Core/Src/main.c:926:13:MX_TIM2_Init	56	static
../Core/Src/main.c:975:13:MX_TIM4_Init	56	static
../Core/Src/main.c:1024:13:MX_TIM8_Init	120	static
../Core/Src/main.c:1106:13:MX_USART2_UART_Init	8	static
../Core/Src/main.c:1152:13:MX_DMA_Init	16	static
../Core/Src/main.c:1183:13:MX_GPIO_Init	48	static
../Core/Src/main.c:1241:6:Error_Handler	4	static,ignoring_inline_asm
