../Core/Src/main.c:148:5:__io_putchar	16	static
../Core/Src/main.c:154:14:Timer_GetUpdatePeriod_s	40	static
../Core/Src/main.c:175:6:HAL_TIM_PWM_PulseFinishedCallback	16	static
../Core/Src/main.c:184:6:HAL_GPIO_EXTI_Callback	16	static
../Core/Src/main.c:199:6:HAL_TIM_PeriodElapsedCallback	16	static
../Core/Src/main.c:220:6:HAL_ADC_ConvCpltCallback	16	static
../Core/Src/main.c:232:5:main	32	static
../Core/Src/main.c:381:6:SystemClock_Config	88	static
../Core/Src/main.c:427:13:MX_ADC1_Init	56	static
../Core/Src/main.c:522:13:MX_ADC2_Init	40	static
../Core/Src/main.c:590:13:MX_SPI1_Init	8	static
../Core/Src/main.c:630:13:MX_TIM1_Init	120	static
../Core/Src/main.c:724:13:MX_TIM2_Init	56	static
../Core/Src/main.c:773:13:MX_TIM3_Init	40	static
../Core/Src/main.c:818:13:MX_TIM4_Init	56	static
../Core/Src/main.c:867:13:MX_TIM6_Init	24	static
../Core/Src/main.c:905:13:MX_TIM7_Init	24	static
../Core/Src/main.c:943:13:MX_TIM8_Init	120	static
../Core/Src/main.c:1025:13:MX_TIM16_Init	8	static
../Core/Src/main.c:1057:13:MX_USART2_UART_Init	8	static
../Core/Src/main.c:1103:13:MX_DMA_Init	16	static
../Core/Src/main.c:1134:13:MX_GPIO_Init	48	static
../Core/Src/main.c:1208:6:Error_Handler	4	static,ignoring_inline_asm
