../Core/Src/main.c:152:5:__io_putchar	16	static
../Core/Src/main.c:160:6:HAL_TIM_PWM_PulseFinishedCallback	16	static
../Core/Src/main.c:168:13:IR_Demux_Disable	8	static
../Core/Src/main.c:175:13:IR_Demux_Enable	8	static
../Core/Src/main.c:180:13:IR_Demux_Select	16	static
../Core/Src/main.c:197:13:IR_LED_On	16	static
../Core/Src/main.c:204:13:IR_LED_Off	8	static
../Core/Src/main.c:209:13:DWT_Delay_Init	4	static
../Core/Src/main.c:216:13:delay_us	24	static
../Core/Src/main.c:227:13:IR_LED_Pulse_us	16	static
../Core/Src/main.c:239:6:HAL_ADC_ConvCpltCallback	16	static
../Core/Src/main.c:251:13:IR_ADC_DMA_Start	8	static
../Core/Src/main.c:275:13:IR_ADC_UpdateRawValues	4	static
../Core/Src/main.c:292:5:main	72	static
../Core/Src/main.c:459:6:SystemClock_Config	88	static
../Core/Src/main.c:505:13:MX_ADC1_Init	56	static
../Core/Src/main.c:600:13:MX_ADC2_Init	40	static
../Core/Src/main.c:668:13:MX_SPI1_Init	8	static
../Core/Src/main.c:708:13:MX_TIM1_Init	120	static
../Core/Src/main.c:802:13:MX_TIM2_Init	56	static
../Core/Src/main.c:851:13:MX_TIM4_Init	56	static
../Core/Src/main.c:900:13:MX_TIM8_Init	120	static
../Core/Src/main.c:982:13:MX_USART2_UART_Init	8	static
../Core/Src/main.c:1028:13:MX_DMA_Init	16	static
../Core/Src/main.c:1059:13:MX_GPIO_Init	48	static
../Core/Src/main.c:1117:6:Error_Handler	4	static,ignoring_inline_asm
