../Core/Src/maze_solver.c:14:22:Dir_Left	16	static
../Core/Src/maze_solver.c:19:22:Dir_Right	16	static
../Core/Src/maze_solver.c:24:22:Dir_Back	16	static
../Core/Src/maze_solver.c:29:22:Dir_Opposite	16	static
../Core/Src/maze_solver.c:34:12:DirDx	16	static
../Core/Src/maze_solver.c:45:12:DirDy	16	static
../Core/Src/maze_solver.c:56:13:IsInside	16	static
../Core/Src/maze_solver.c:64:13:IsGoalCell	16	static
../Core/Src/maze_solver.c:70:13:LogMsg	16	static
../Core/Src/maze_solver.c:76:13:SetWall	56	static
../Core/Src/maze_solver.c:110:13:IsKnownOpen	24	static
../Core/Src/maze_solver.c:124:13:NeighborOf	32	static
../Core/Src/maze_solver.c:142:13:InitOuterWalls	32	static
../Core/Src/maze_solver.c:157:13:MarkVisited	24	static
../Core/Src/maze_solver.c:165:13:ApplyWallReading	32	static
../Core/Src/maze_solver.c:177:13:PushCurrentPosition	16	static
../Core/Src/maze_solver.c:189:13:FindUnvisitedOpenNeighbor	48	static
../Core/Src/maze_solver.c:231:13:GetBacktrackDirection	32	static
../Core/Src/maze_solver.c:255:16:RelativeTurnDeg	24	static
../Core/Src/maze_solver.c:271:13:UpdateLogicalPosition	32	static
../Core/Src/maze_solver.c:286:13:UpdateLogicalPositionCells	24	static
../Core/Src/maze_solver.c:300:13:RouteIsOpenForCells	40	static
../Core/Src/maze_solver.c:326:17:CountFastStraightCells	24	static
../Core/Src/maze_solver.c:356:13:FinishWithStatus	16	static
../Core/Src/maze_solver.c:377:13:TargetIsStart	24	static
../Core/Src/maze_solver.c:387:13:TargetIsGoal	24	static
../Core/Src/maze_solver.c:398:13:PlanShortestKnownRoute	72	static
../Core/Src/maze_solver.c:522:13:StartPlannedRoute	16	static
../Core/Src/maze_solver.c:543:13:StartNextRouteStep	16	static
../Core/Src/maze_solver.c:569:6:MazeSolver_Init	24	static
../Core/Src/maze_solver.c:591:6:MazeSolver_Start	16	static
../Core/Src/maze_solver.c:604:6:MazeSolver_Stop	16	static
../Core/Src/maze_solver.c:617:6:MazeSolver_StartReturnToStart	24	static
../Core/Src/maze_solver.c:639:6:MazeSolver_StartFastRun	24	static
../Core/Src/maze_solver.c:661:18:MazeSolver_Task	32	static
../Core/Src/maze_solver.c:899:9:MazeSolver_GetX	16	static
../Core/Src/maze_solver.c:904:9:MazeSolver_GetY	16	static
../Core/Src/maze_solver.c:909:15:MazeSolver_GetDir	16	static
../Core/Src/maze_solver.c:914:18:MazeSolver_GetStatus	16	static
../Core/Src/maze_solver.c:919:13:MazeSolver_GetRunMode	16	static
../Core/Src/maze_solver.c:924:10:MazeSolver_GetRouteLength	16	static
../Core/Src/maze_solver.c:929:10:MazeSolver_GetRouteIndex	16	static
