../Core/Src/motion.c:15:14:abs_f	16	static
../Core/Src/motion.c:20:14:min_f	16	static
../Core/Src/motion.c:25:14:clamp_f	24	static
../Core/Src/motion.c:40:14:safe_sqrt_f	16	static
../Core/Src/motion.c:50:14:wrap_pi	16	static
../Core/Src/motion.c:65:14:rate_limit	32	static
../Core/Src/motion.c:87:13:zero_command	16	static
../Core/Src/motion.c:99:13:motion_can_start	16	static
../Core/Src/motion.c:111:6:Motion_DefaultConfig	16	static
../Core/Src/motion.c:149:6:Motion_Init	88	static
../Core/Src/motion.c:190:6:Motion_StartStraight	24	static
../Core/Src/motion.c:238:6:Motion_StartTurn	24	static
../Core/Src/motion.c:286:13:update_finish_counter	16	static
../Core/Src/motion.c:305:13:finish_motion	16	static
../Core/Src/motion.c:313:13:update_straight	112	static
../Core/Src/motion.c:451:13:update_turn	72	static
../Core/Src/motion.c:533:12:Motion_Update	24	static
../Core/Src/motion.c:574:6:Motion_Stop	16	static
../Core/Src/motion.c:587:6:Motion_ClearDone	16	static
../Core/Src/motion.c:600:6:Motion_IsBusy	16	static
../Core/Src/motion.c:611:6:Motion_IsDone	16	static
../Core/Src/motion.c:621:12:Motion_GetMode	16	static
../Core/Src/motion.c:631:7:Motion_GetRemaining	16	static
