../Core/Src/motion.c:15:14:_clamp_f	24	static
../Core/Src/motion.c:24:14:_safe_sqrt_f	16	static
../Core/Src/motion.c:32:14:_wrap_pi	16	static
../Core/Src/motion.c:43:14:_rate_limit	32	static
../Core/Src/motion.c:59:13:_zero_command	16	static
../Core/Src/motion.c:69:13:_motion_can_start	16	static
../Core/Src/motion.c:79:13:_update_finish_counter	16	static
../Core/Src/motion.c:94:13:_finish_motion	16	static
../Core/Src/motion.c:102:13:_update_straight	104	static
../Core/Src/motion.c:234:13:_update_turn	64	static
../Core/Src/motion.c:312:6:Motion_DefaultConfig	16	static
../Core/Src/motion.c:348:6:Motion_Init	88	static
../Core/Src/motion.c:385:6:Motion_StartStraight	24	static
../Core/Src/motion.c:427:6:Motion_StartTurn	24	static
../Core/Src/motion.c:469:12:Motion_Update	24	static
../Core/Src/motion.c:506:6:Motion_Stop	16	static
../Core/Src/motion.c:517:6:Motion_ForceDone	16	static
../Core/Src/motion.c:530:6:Motion_ClearDone	16	static
../Core/Src/motion.c:539:6:Motion_IsBusy	16	static
../Core/Src/motion.c:548:6:Motion_IsDone	16	static
../Core/Src/motion.c:556:12:Motion_GetMode	16	static
../Core/Src/motion.c:564:7:Motion_GetRemaining	16	static
