Archive member included to satisfy reference by file (symbol)

/opt/st/stm32cubeide_2.1.1/plugins/com.st.stm32cube.ide.mcu.externaltools.gnu-tools-for-stm32.14.3.rel1.linux64_1.0.100.202602081740/tools/bin/../lib/gcc/arm-none-eabi/14.3.1/../../../../arm-none-eabi/lib/thumb/v7e-m+fp/hard/libc_nano.a(libc_a-exit.o)
                              /opt/st/stm32cubeide_2.1.1/plugins/com.st.stm32cube.ide.mcu.externaltools.gnu-tools-for-stm32.14.3.rel1.linux64_1.0.100.202602081740/tools/bin/../lib/gcc/arm-none-eabi/14.3.1/../../../../arm-none-eabi/lib/thumb/v7e-m+fp/hard/crt0.o (exit)
/opt/st/stm32cubeide_2.1.1/plugins/com.st.stm32cube.ide.mcu.externaltools.gnu-tools-for-stm32.14.3.rel1.linux64_1.0.100.202602081740/tools/bin/../lib/gcc/arm-none-eabi/14.3.1/../../../../arm-none-eabi/lib/thumb/v7e-m+fp/hard/libc_nano.a(libc_a-nano-vfprintf_float.o)
                              (_printf_float)
/opt/st/stm32cubeide_2.1.1/plugins/com.st.stm32cube.ide.mcu.externaltools.gnu-tools-for-stm32.14.3.rel1.linux64_1.0.100.202602081740/tools/bin/../lib/gcc/arm-none-eabi/14.3.1/../../../../arm-none-eabi/lib/thumb/v7e-m+fp/hard/libc_nano.a(libc_a-nano-vfprintf_i.o)
                              /opt/st/stm32cubeide_2.1.1/plugins/com.st.stm32cube.ide.mcu.externaltools.gnu-tools-for-stm32.14.3.rel1.linux64_1.0.100.202602081740/tools/bin/../lib/gcc/arm-none-eabi/14.3.1/../../../../arm-none-eabi/lib/thumb/v7e-m+fp/hard/libc_nano.a(libc_a-nano-vfprintf_float.o) (_printf_common)
/opt/st/stm32cubeide_2.1.1/plugins/com.st.stm32cube.ide.mcu.externaltools.gnu-tools-for-stm32.14.3.rel1.linux64_1.0.100.202602081740/tools/bin/../lib/gcc/arm-none-eabi/14.3.1/../../../../arm-none-eabi/lib/thumb/v7e-m+fp/hard/libc_nano.a(libc_a-nano-vfscanf_float.o)
                              (_scanf_float)
/opt/st/stm32cubeide_2.1.1/plugins/com.st.stm32cube.ide.mcu.externaltools.gnu-tools-for-stm32.14.3.rel1.linux64_1.0.100.202602081740/tools/bin/../lib/gcc/arm-none-eabi/14.3.1/../../../../arm-none-eabi/lib/thumb/v7e-m+fp/hard/libc_nano.a(libc_a-findfp.o)
                              /opt/st/stm32cubeide_2.1.1/plugins/com.st.stm32cube.ide.mcu.externaltools.gnu-tools-for-stm32.14.3.rel1.linux64_1.0.100.202602081740/tools/bin/../lib/gcc/arm-none-eabi/14.3.1/../../../../arm-none-eabi/lib/thumb/v7e-m+fp/hard/libc_nano.a(libc_a-exit.o) (__stdio_exit_handler)
/opt/st/stm32cubeide_2.1.1/plugins/com.st.stm32cube.ide.mcu.externaltools.gnu-tools-for-stm32.14.3.rel1.linux64_1.0.100.202602081740/tools/bin/../lib/gcc/arm-none-eabi/14.3.1/../../../../arm-none-eabi/lib/thumb/v7e-m+fp/hard/libc_nano.a(libc_a-fwalk.o)
                              /opt/st/stm32cubeide_2.1.1/plugins/com.st.stm32cube.ide.mcu.externaltools.gnu-tools-for-stm32.14.3.rel1.linux64_1.0.100.202602081740/tools/bin/../lib/gcc/arm-none-eabi/14.3.1/../../../../arm-none-eabi/lib/thumb/v7e-m+fp/hard/libc_nano.a(libc_a-findfp.o) (_fwalk_sglue)
/opt/st/stm32cubeide_2.1.1/plugins/com.st.stm32cube.ide.mcu.externaltools.gnu-tools-for-stm32.14.3.rel1.linux64_1.0.100.202602081740/tools/bin/../lib/gcc/arm-none-eabi/14.3.1/../../../../arm-none-eabi/lib/thumb/v7e-m+fp/hard/libc_nano.a(libc_a-printf.o)
                              ./Core/Src/app.o (printf)
/opt/st/stm32cubeide_2.1.1/plugins/com.st.stm32cube.ide.mcu.externaltools.gnu-tools-for-stm32.14.3.rel1.linux64_1.0.100.202602081740/tools/bin/../lib/gcc/arm-none-eabi/14.3.1/../../../../arm-none-eabi/lib/thumb/v7e-m+fp/hard/libc_nano.a(libc_a-puts.o)
                              ./Core/Src/app.o (puts)
/opt/st/stm32cubeide_2.1.1/plugins/com.st.stm32cube.ide.mcu.externaltools.gnu-tools-for-stm32.14.3.rel1.linux64_1.0.100.202602081740/tools/bin/../lib/gcc/arm-none-eabi/14.3.1/../../../../arm-none-eabi/lib/thumb/v7e-m+fp/hard/libc_nano.a(libc_a-sprintf.o)
                              /opt/st/stm32cubeide_2.1.1/plugins/com.st.stm32cube.ide.mcu.externaltools.gnu-tools-for-stm32.14.3.rel1.linux64_1.0.100.202602081740/tools/bin/../lib/gcc/arm-none-eabi/14.3.1/../../../../arm-none-eabi/lib/thumb/v7e-m+fp/hard/libc_nano.a(libc_a-nano-vfscanf_float.o) (sprintf)
/opt/st/stm32cubeide_2.1.1/plugins/com.st.stm32cube.ide.mcu.externaltools.gnu-tools-for-stm32.14.3.rel1.linux64_1.0.100.202602081740/tools/bin/../lib/gcc/arm-none-eabi/14.3.1/../../../../arm-none-eabi/lib/thumb/v7e-m+fp/hard/libc_nano.a(libc_a-stdio.o)
                              /opt/st/stm32cubeide_2.1.1/plugins/com.st.stm32cube.ide.mcu.externaltools.gnu-tools-for-stm32.14.3.rel1.linux64_1.0.100.202602081740/tools/bin/../lib/gcc/arm-none-eabi/14.3.1/../../../../arm-none-eabi/lib/thumb/v7e-m+fp/hard/libc_nano.a(libc_a-findfp.o) (__sread)
/opt/st/stm32cubeide_2.1.1/plugins/com.st.stm32cube.ide.mcu.externaltools.gnu-tools-for-stm32.14.3.rel1.linux64_1.0.100.202602081740/tools/bin/../lib/gcc/arm-none-eabi/14.3.1/../../../../arm-none-eabi/lib/thumb/v7e-m+fp/hard/libc_nano.a(libc_a-wbuf.o)
[...]
Memory Configuration

Name             Origin             Length             Attributes
RAM              0x20000000         0x00020000         xrw
FLASH            0x08000000         0x00080000         xr
*default*        0x00000000         0xffffffff

Linker script and memory map

LOAD /opt/st/stm32cubeide_2.1.1/plugins/com.st.stm32cube.ide.mcu.externaltools.gnu-tools-for-stm32.14.3.rel1.linux64_1.0.100.202602081740/tools/bin/../lib/gcc/arm-none-eabi/14.3.1/thumb/v7e-m+fp/hard/crti.o
LOAD /opt/st/stm32cubeide_2.1.1/plugins/com.st.stm32cube.ide.mcu.externaltools.gnu-tools-for-stm32.14.3.rel1.linux64_1.0.100.202602081740/tools/bin/../lib/gcc/arm-none-eabi/14.3.1/thumb/v7e-m+fp/hard/crtbegin.o
LOAD /opt/st/stm32cubeide_2.1.1/plugins/com.st.stm32cube.ide.mcu.externaltools.gnu-tools-for-stm32.14.3.rel1.linux64_1.0.100.202602081740/tools/bin/../lib/gcc/arm-none-eabi/14.3.1/../../../../arm-none-eabi/lib/thumb/v7e-m+fp/hard/crt0.o
LOAD ./Core/Src/app.o
LOAD ./Core/Src/button.o
LOAD ./Core/Src/encoder.o
LOAD ./Core/Src/imu.o
LOAD ./Core/Src/ir_array.o
LOAD ./Core/Src/ir_sensors.o
LOAD ./Core/Src/main.o
LOAD ./Core/Src/maze_solver.o
LOAD ./Core/Src/motion.o
LOAD ./Core/Src/motor.o
LOAD ./Core/Src/neopixel.o
LOAD ./Core/Src/robot_controller.o
LOAD ./Core/Src/stm32g4xx_hal_msp.o
LOAD ./Core/Src/stm32g4xx_it.o
LOAD ./Core/Src/syscalls.o
LOAD ./Core/Src/sysmem.o
LOAD ./Core/Src/system_stm32g4xx.o
LOAD ./Core/Src/velocity_pi.o
LOAD ./Core/Startup/startup_stm32g474cetx.o
LOAD ./Drivers/STM32G4xx_HAL_Driver/Src/stm32g4xx_hal.o
LOAD ./Drivers/STM32G4xx_HAL_Driver/Src/stm32g4xx_hal_adc.o
LOAD ./Drivers/STM32G4xx_HAL_Driver/Src/stm32g4xx_hal_adc_ex.o
LOAD ./Drivers/STM32G4xx_HAL_Driver/Src/stm32g4xx_hal_cortex.o
LOAD ./Drivers/STM32G4xx_HAL_Driver/Src/stm32g4xx_hal_dma.o
LOAD ./Drivers/STM32G4xx_HAL_Driver/Src/stm32g4xx_hal_dma_ex.o
LOAD ./Drivers/STM32G4xx_HAL_Driver/Src/stm32g4xx_hal_exti.o
LOAD ./Drivers/STM32G4xx_HAL_Driver/Src/stm32g4xx_hal_flash.o
LOAD ./Drivers/STM32G4xx_HAL_Driver/Src/stm32g4xx_hal_flash_ex.o
LOAD ./Drivers/STM32G4xx_HAL_Driver/Src/stm32g4xx_hal_flash_ramfunc.o
LOAD ./Drivers/STM32G4xx_HAL_Driver/Src/stm32g4xx_hal_gpio.o
LOAD ./Drivers/STM32G4xx_HAL_Driver/Src/stm32g4xx_hal_pwr.o
LOAD ./Drivers/STM32G4xx_HAL_Driver/Src/stm32g4xx_hal_pwr_ex.o
LOAD ./Drivers/STM32G4xx_HAL_Driver/Src/stm32g4xx_hal_rcc.o
LOAD ./Drivers/STM32G4xx_HAL_Driver/Src/stm32g4xx_hal_rcc_ex.o
LOAD ./Drivers/STM32G4xx_HAL_Driver/Src/stm32g4xx_hal_spi.o
LOAD ./Drivers/STM32G4xx_HAL_Driver/Src/stm32g4xx_hal_spi_ex.o
LOAD ./Drivers/STM32G4xx_HAL_Driver/Src/stm32g4xx_hal_tim.o
LOAD ./Drivers/STM32G4xx_HAL_Driver/Src/stm32g4xx_hal_tim_ex.o
LOAD ./Drivers/STM32G4xx_HAL_Driver/Src/stm32g4xx_hal_uart.o
LOAD ./Drivers/STM32G4xx_HAL_Driver/Src/stm32g4xx_hal_uart_ex.o
LOAD ./Drivers/STM32G4xx_HAL_Driver/Src/stm32g4xx_ll_adc.o
START GROUP
LOAD /opt/st/stm32cubeide_2.1.1/plugins/com.st.stm32cube.ide.mcu.externaltools.gnu-tools-for-stm32.14.3.rel1.linux64_1.0.100.202602081740/tools/bin/../lib/gcc/arm-none-eabi/14.3.1/../../../../arm-none-eabi/lib/thumb/v7e-m+fp/hard/libc_nano.a
LOAD /opt/st/stm32cubeide_2.1.1/plugins/com.st.stm32cube.ide.mcu.externaltools.gnu-tools-for-stm32.14.3.rel1.linux64_1.0.100.202602081740/tools/bin/../lib/gcc/arm-none-eabi/14.3.1/../../../../arm-none-eabi/lib/thumb/v7e-m+fp/hard/libm.a
END GROUP
START GROUP
LOAD /opt/st/stm32cubeide_2.1.1/plugins/com.st.stm32cube.ide.mcu.externaltools.gnu-tools-for-stm32.14.3.rel1.linux64_1.0.100.202602081740/tools/bin/../lib/gcc/arm-none-eabi/14.3.1/thumb/v7e-m+fp/hard/libgcc.a
LOAD /opt/st/stm32cubeide_2.1.1/plugins/com.st.stm32cube.ide.mcu.externaltools.gnu-tools-for-stm32.14.3.rel1.linux64_1.0.100.202602081740/tools/bin/../lib/gcc/arm-none-eabi/14.3.1/../../../../arm-none-eabi/lib/thumb/v7e-m+fp/hard/libc_nano.a
END GROUP
START GROUP
LOAD /opt/st/stm32cubeide_2.1.1/plugins/com.st.stm32cube.ide.mcu.externaltools.gnu-tools-for-stm32.14.3.rel1.linux64_1.0.100.202602081740/tools/bin/../lib/gcc/arm-none-eabi/14.3.1/thumb/v7e-m+fp/hard/libgcc.a
LOAD /opt/st/stm32cubeide_2.1.1/plugins/com.st.stm32cube.ide.mcu.externaltools.gnu-tools-for-stm32.14.3.rel1.linux64_1.0.100.202602081740/tools/bin/../lib/gcc/arm-none-eabi/14.3.1/../../../../arm-none-eabi/lib/thumb/v7e-m+fp/hard/libc_nano.a
LOAD /opt/st/stm32cubeide_2.1.1/plugins/com.st.stm32cube.ide.mcu.externaltools.gnu-tools-for-stm32.14.3.rel1.linux64_1.0.100.202602081740/tools/bin/../lib/gcc/arm-none-eabi/14.3.1/../../../../arm-none-eabi/lib/thumb/v7e-m+fp/hard/libnosys.a
END GROUP
START GROUP
LOAD /opt/st/stm32cubeide_2.1.1/plugins/com.st.stm32cube.ide.mcu.externaltools.gnu-tools-for-stm32.14.3.rel1.linux64_1.0.100.202602081740/tools/bin/../lib/gcc/arm-none-eabi/14.3.1/thumb/v7e-m+fp/hard/libgcc.a
LOAD /opt/st/stm32cubeide_2.1.1/plugins/com.st.stm32cube.ide.mcu.externaltools.gnu-tools-for-stm32.14.3.rel1.linux64_1.0.100.202602081740/tools/bin/../lib/gcc/arm-none-eabi/14.3.1/../../../../arm-none-eabi/lib/thumb/v7e-m+fp/hard/libc_nano.a
LOAD /opt/st/stm32cubeide_2.1.1/plugins/com.st.stm32cube.ide.mcu.externaltools.gnu-tools-for-stm32.14.3.rel1.linux64_1.0.100.202602081740/tools/bin/../lib/gcc/arm-none-eabi/14.3.1/../../../../arm-none-eabi/lib/thumb/v7e-m+fp/hard/libnosys.a
END GROUP
LOAD /opt/st/stm32cubeide_2.1.1/plugins/com.st.stm32cube.ide.mcu.externaltools.gnu-tools-for-stm32.14.3.rel1.linux64_1.0.100.202602081740/tools/bin/../lib/gcc/arm-none-eabi/14.3.1/thumb/v7e-m+fp/hard/crtend.o
LOAD /opt/st/stm32cubeide_2.1.1/plugins/com.st.stm32cube.ide.mcu.externaltools.gnu-tools-for-stm32.14.3.rel1.linux64_1.0.100.202602081740/tools/bin/../lib/gcc/arm-none-eabi/14.3.1/thumb/v7e-m+fp/hard/crtn.o
                0x20020000                        _estack = (ORIGIN (RAM) + LENGTH (RAM))
                0x00000200                        _Min_Heap_Size = 0x200
                0x00000400                        _Min_Stack_Size = 0x400

.isr_vector     0x08000000      0x1d8
                0x08000000                        . = ALIGN (0x4)
 *(.isr_vector)
 .isr_vector    0x08000000      0x1d8 ./Core/Startup/startup_stm32g474cetx.o
                0x08000000                g_pfnVectors
                0x080001d8                        . = ALIGN (0x4)

.text           0x080001e0    0x15bcc
                0x080001e0                        . = ALIGN (0x4)
 *(.text)
 .text          0x080001e0       0x40 /opt/st/stm32cubeide_2.1.1/plugins/com.st.stm32cube.ide.mcu.externaltools.gnu-tools-for-stm32.14.3.rel1.linux64_1.0.100.202602081740/tools/bin/../lib/gcc/arm-none-eabi/14.3.1/thumb/v7e-m+fp/hard/crtbegin.o
 .text          0x08000220       0xa0 /opt/st/stm32cubeide_2.1.1/plugins/com.st.stm32cube.ide.mcu.externaltools.gnu-tools-for-stm32.14.3.rel1.linux64_1.0.100.202602081740/tools/bin/../lib/gcc/arm-none-eabi/14.3.1/../../../../arm-none-eabi/lib/thumb/v7e-m+fp/hard/libc_nano.a(libc_a-memchr.o)
                0x08000220                memchr
 .text          0x080002c0       0x10 /opt/st/stm32cubeide_2.1.1/plugins/com.st.stm32cube.ide.mcu.externaltools.gnu-tools-for-stm32.14.3.rel1.linux64_1.0.100.202602081740/tools/bin/../lib/gcc/arm-none-eabi/14.3.1/../../../../arm-none-eabi/lib/thumb/v7e-m+fp/hard/libc_nano.a(libc_a-strlen.o)
                0x080002c0                strlen
 .text          0x080002d0      0x378 /opt/st/stm32cubeide_2.1.1/plugins/com.st.stm32cube.ide.mcu.externaltools.gnu-tools-for-stm32.14.3.rel1.linux64_1.0.100.202602081740/tools/bin/../lib/gcc/arm-none-eabi/14.3.1/thumb/v7e-m+fp/hard/libgcc.a(_arm_addsubdf3.o)
                0x080002d0                __aeabi_drsub
                0x080002d8                __aeabi_dsub
                0x080002d8                __subdf3
                0x080002dc                __adddf3
                0x080002dc                __aeabi_dadd
                0x08000554                __aeabi_ui2d
                0x08000554                __floatunsidf
                0x08000574                __floatsidf
                0x08000574                __aeabi_i2d
                0x08000598                __extendsfdf2
                0x08000598                __aeabi_f2d
                0x080005dc                __aeabi_ul2d
                0x080005dc                __floatundidf
                0x080005ec                __floatdidf
                0x080005ec                __aeabi_l2d
 .text          0x08000648      0x424 /opt/st/stm32cubeide_2.1.1/plugins/com.st.stm32cube.ide.mcu.externaltools.gnu-tools-for-stm32.14.3.rel1.linux64_1.0.100.202602081740/tools/bin/../lib/gcc/arm-none-eabi/14.3.1/thumb/v7e-m+fp/hard/libgcc.a(_arm_muldivdf3.o)
                0x08000648                __aeabi_dmul
                0x08000648                __muldf3
                0x0800089c                __aeabi_ddiv
                0x0800089c                __divdf3
 .text          0x08000a6c      0x110 /opt/st/stm32cubeide_2.1.1/plugins/com.st.stm32cube.ide.mcu.externaltools.gnu-tools-for-stm32.14.3.rel1.linux64_1.0.100.202602081740/tools/bin/../lib/gcc/arm-none-eabi/14.3.1/thumb/v7e-m+fp/hard/libgcc.a(_arm_cmpdf2.o)
                0x08000a6c                __gtdf2
                0x08000a6c                __gedf2
                0x08000a74                __ltdf2
                0x08000a74                __ledf2
                0x08000a7c                __cmpdf2
                0x08000a7c                __eqdf2
                0x08000a7c                __nedf2
                0x08000af8                __aeabi_cdrcmple
                0x08000b08                __aeabi_cdcmple
                0x08000b08                __aeabi_cdcmpeq
                0x08000b18                __aeabi_dcmpeq
                0x08000b2c                __aeabi_dcmplt
                0x08000b40                __aeabi_dcmple
                0x08000b54                __aeabi_dcmpge
                0x08000b68                __aeabi_dcmpgt
 .text          0x08000b7c       0x2c /opt/st/stm32cubeide_2.1.1/plugins/com.st.stm32cube.ide.mcu.externaltools.gnu-tools-for-stm32.14.3.rel1.linux64_1.0.100.202602081740/tools/bin/../lib/gcc/arm-none-eabi/14.3.1/thumb/v7e-m+fp/hard/libgcc.a(_arm_unorddf2.o)
                0x08000b7c                __aeabi_dcmpun
                0x08000b7c                __unorddf2
 .text          0x08000ba8       0x50 /opt/st/stm32cubeide_2.1.1/plugins/com.st.stm32cube.ide.mcu.externaltools.gnu-tools-for-stm32.14.3.rel1.linux64_1.0.100.202602081740/tools/bin/../lib/gcc/arm-none-eabi/14.3.1/thumb/v7e-m+fp/hard/libgcc.a(_arm_fixdfsi.o)
                0x08000ba8                __fixdfsi
                0x08000ba8                __aeabi_d2iz
 .text          0x08000bf8       0x40 /opt/st/stm32cubeide_2.1.1/plugins/com.st.stm32cube.ide.mcu.externaltools.gnu-tools-for-stm32.14.3.rel1.linux64_1.0.100.202602081740/tools/bin/../lib/gcc/arm-none-eabi/14.3.1/thumb/v7e-m+fp/hard/libgcc.a(_arm_fixunsdfsi.o)
                0x08000bf8                __fixunsdfsi
                0x08000bf8                __aeabi_d2uiz
 .text          0x08000c38       0xa0 /opt/st/stm32cubeide_2.1.1/plugins/com.st.stm32cube.ide.mcu.externaltools.gnu-tools-for-stm32.14.3.rel1.linux64_1.0.100.202602081740/tools/bin/../lib/gcc/arm-none-eabi/14.3.1/thumb/v7e-m+fp/hard/libgcc.a(_arm_truncdfsf2.o)
                0x08000c38                __aeabi_d2f
                0x08000c38                __truncdfsf2
 .text          0x08000cd8      0x21c /opt/st/stm32cubeide_2.1.1/plugins/com.st.stm32cube.ide.mcu.externaltools.gnu-tools-for-stm32.14.3.rel1.linux64_1.0.100.202602081740/tools/bin/../lib/gcc/arm-none-eabi/14.3.1/thumb/v7e-m+fp/hard/libgcc.a(_arm_addsubsf3.o)
                0x08000cd8                __aeabi_frsub
                0x08000ce0                __subsf3
                0x08000ce0                __aeabi_fsub
                0x08000ce4                __aeabi_fadd
                0x08000ce4                __addsf3
                0x08000e44                __aeabi_ui2f
                0x08000e44                __floatunsisf
                0x08000e4c                __aeabi_i2f
                0x08000e4c                __floatsisf
                0x08000e68                __floatundisf
                0x08000e68                __aeabi_ul2f
                0x08000e78                __floatdisf
                0x08000e78                __aeabi_l2f
 .text          0x08000ef4       0x30 /opt/st/stm32cubeide_2.1.1/plugins/com.st.stm32cube.ide.mcu.externaltools.gnu-tools-for-stm32.14.3.rel1.linux64_1.0.100.202602081740/tools/bin/../lib/gcc/arm-none-eabi/14.3.1/thumb/v7e-m+fp/hard/libgcc.a(_aeabi_uldivmod.o)
                0x08000ef4                __aeabi_uldivmod
 .text          0x08000f24       0x30 /opt/st/stm32cubeide_2.1.1/plugins/com.st.stm32cube.ide.mcu.externaltools.gnu-tools-for-stm32.14.3.rel1.linux64_1.0.100.202602081740/tools/bin/../lib/gcc/arm-none-eabi/14.3.1/thumb/v7e-m+fp/hard/libgcc.a(_fixdfdi.o)
                0x08000f24                __aeabi_d2lz
                0x08000f24                __fixdfdi
 .text          0x08000f54       0x3c /opt/st/stm32cubeide_2.1.1/plugins/com.st.stm32cube.ide.mcu.externaltools.gnu-tools-for-stm32.14.3.rel1.linux64_1.0.100.202602081740/tools/bin/../lib/gcc/arm-none-eabi/14.3.1/thumb/v7e-m+fp/hard/libgcc.a(_fixunsdfdi.o)
                0x08000f54                __aeabi_d2ulz
                0x08000f54                __fixunsdfdi
 .text          0x08000f90      0x2f8 /opt/st/stm32cubeide_2.1.1/plugins/com.st.stm32cube.ide.mcu.externaltools.gnu-tools-for-stm32.14.3.rel1.linux64_1.0.100.202602081740/tools/bin/../lib/gcc/arm-none-eabi/14.3.1/thumb/v7e-m+fp/hard/libgcc.a(_udivmoddi4.o)
                0x08000f90                __udivmoddi4
 .text          0x08001288        0x4 /opt/st/stm32cubeide_2.1.1/plugins/com.st.stm32cube.ide.mcu.externaltools.gnu-tools-for-stm32.14.3.rel1.linux64_1.0.100.202602081740/tools/bin/../lib/gcc/arm-none-eabi/14.3.1/thumb/v7e-m+fp/hard/libgcc.a(_dvmd_tls.o)
                0x08001288                __aeabi_ldiv0
                0x08001288                __aeabi_idiv0
 *(.text*)
 .text.__io_putchar
                0x0800128c       0x24 ./Core/Src/app.o
                0x0800128c                __io_putchar
 .text.Timer_GetUpdatePeriod_s
                0x080012b0       0x84 ./Core/Src/app.o
 .text._integrate_omega
                0x08001334       0x38 ./Core/Src/app.o
                0x08001334                _integrate_omega
 .text.App_GetMotionFeedback
                0x0800136c       0x64 ./Core/Src/app.o
 .text.App_ClampFloat
                0x080013d0       0x52 ./Core/Src/app.o
 *fill*         0x08001422        0x2 
 .text.App_ResetWallAssist
                0x08001424       0x58 ./Core/Src/app.o
 .text.App_UpdateWallAssistFromIr
                0x0800147c      0x438 ./Core/Src/app.o
 .text.App_ApplyWallAssist
                0x080018b4       0xbc ./Core/Src/app.o
 .text.App_HandleFrontAntiCollision
                0x08001970       0xe4 ./Core/Src/app.o
 .text.HAL_TIM_PWM_PulseFinishedCallback
                0x08001a54       0x2c ./Core/Src/app.o
                0x08001a54                HAL_TIM_PWM_PulseFinishedCallback
 .text.HAL_GPIO_EXTI_Callback
                0x08001a80       0x5c ./Core/Src/app.o
                0x08001a80                HAL_GPIO_EXTI_Callback
 .text.HAL_TIM_PeriodElapsedCallback
                0x08001adc      0x140 ./Core/Src/app.o
                0x08001adc                HAL_TIM_PeriodElapsedCallback
 .text.HAL_ADC_ConvCpltCallback
                0x08001c1c       0x16 ./Core/Src/app.o
                0x08001c1c                HAL_ADC_ConvCpltCallback
 .text.App_MazeBeginWallRead
                0x08001c32       0x28 ./Core/Src/app.o
 *fill*         0x08001c5a        0x2 
 .text.App_MazeReadWalls
                0x08001c5c      0x118 ./Core/Src/app.o
 .text.App_MazeMotionDone
                0x08001d74       0x2c ./Core/Src/app.o
 .text.App_MazeStartMoveCells
                0x08001da0       0xe8 ./Core/Src/app.o
 .text.App_MazeStartMoveCell
                0x08001e88       0x1a ./Core/Src/app.o
 *fill*         0x08001ea2        0x2 
 .text.App_MazeStartTurnDeg
                0x08001ea4       0xd4 ./Core/Src/app.o
 .text.App_MazeStopMotion
                0x08001f78       0x30 ./Core/Src/app.o
 .text.App_MazeLog
                0x08001fa8       0x24 ./Core/Src/app.o
 .text.App_StartMazeSolver
                0x08001fcc       0xbc ./Core/Src/app.o
 .text.App_StopMazeSolver
                0x08002088       0x64 ./Core/Src/app.o
 .text.App_StartFastRunAfterButton
                0x080020ec      0x13c ./Core/Src/app.o
 .text.App_HandleMazeSolverFinished
                0x08002228      0x1e4 ./Core/Src/app.o
 .text.App_Init
                0x0800240c      0x2c8 ./Core/Src/app.o
                0x0800240c                App_Init
 .text.App_Loop
                0x080026d4       0xe8 ./Core/Src/app.o
                0x080026d4                App_Loop
 .text.Button_Init
                0x080027bc       0x3e ./Core/Src/button.o
                0x080027bc                Button_Init
 .text.Button_HasClickedEvent
                0x080027fa       0x34 ./Core/Src/button.o
                0x080027fa                Button_HasClickedEvent
 *fill*         0x0800282e        0x2 
 .text.Button_EXTI_Callback
                0x08002830       0x88 ./Core/Src/button.o
                0x08002830                Button_EXTI_Callback
 .text.Button_TIM_PeriodElapsedCallback
                0x080028b8       0xa0 ./Core/Src/button.o
                0x080028b8                Button_TIM_PeriodElapsedCallback
 .text.DipSwitch_Init
                0x08002958       0x66 ./Core/Src/button.o
                0x08002958                DipSwitch_Init
 .text.DipSwitch_IsOn
                0x080029be       0x8a ./Core/Src/button.o
                0x080029be                DipSwitch_IsOn
 .text.Encoder_ReadCounter
                0x08002a48       0x1c ./Core/Src/encoder.o
 .text.Encoder_ReadAutoReload
                0x08002a64       0x1c ./Core/Src/encoder.o
 .text.Encoder_ComputeWrappedDelta
                0x08002a80       0xf0 ./Core/Src/encoder.o
 .text.Encoder_Init
                0x08002b70       0xf6 ./Core/Src/encoder.o
                0x08002b70                Encoder_Init
 .text.Encoder_Reset
                0x08002c66       0x7e ./Core/Src/encoder.o
                0x08002c66                Encoder_Reset
 .text.Encoder_Update
                0x08002ce4      0x1c8 ./Core/Src/encoder.o
                0x08002ce4                Encoder_Update
 .text.Encoder_GetRawVelocityRadPerSecond
                0x08002eac       0x2a ./Core/Src/encoder.o
                0x08002eac                Encoder_GetRawVelocityRadPerSecond
 .text.Encoder_GetVelocityRadPerSecond
                0x08002ed6       0x2a ./Core/Src/encoder.o
                0x08002ed6                Encoder_GetVelocityRadPerSecond
 .text.IMU_CS_Select
                0x08002f00       0x20 ./Core/Src/imu.o
 .text.IMU_CS_Deselect
                0x08002f20       0x20 ./Core/Src/imu.o
 .text.IMU_WriteRegister
                0x08002f40       0x42 ./Core/Src/imu.o
 .text.IMU_ReadRegisters
                0x08002f82       0x52 ./Core/Src/imu.o
 .text.IMU_Init
                0x08002fd4      0x136 ./Core/Src/imu.o
                0x08002fd4                IMU_Init
 .text.IMU_CalibrateGyro
                0x0800310a       0x8e ./Core/Src/imu.o
                0x0800310a                IMU_CalibrateGyro
 .text.IMU_Update
                0x08003198       0x94 ./Core/Src/imu.o
                0x08003198                IMU_Update
 .text.IMU_NotifyDataReady
                0x0800322c       0x22 ./Core/Src/imu.o
                0x0800322c                IMU_NotifyDataReady
 .text.IMU_UpdateIfReady
                0x0800324e       0x40 ./Core/Src/imu.o
                0x0800324e                IMU_UpdateIfReady
 *fill*         0x0800328e        0x2 
 .text.IMU_GetGyroZRad
                0x08003290       0x30 ./Core/Src/imu.o
                0x08003290                IMU_GetGyroZRad
 .text._ir_write_pin
                0x080032c0       0x26 ./Core/Src/ir_array.o
 .text._ir_set_enable
                0x080032e6       0x4a ./Core/Src/ir_array.o
 .text._ir_set_address
                0x08003330       0x60 ./Core/Src/ir_array.o
 .text._ir_select_and_enable_led
                0x08003390       0x2e ./Core/Src/ir_array.o
 .text._ir_timer_start_us
                0x080033be       0x78 ./Core/Src/ir_array.o
 .text._ir_timer_stop
                0x08003436       0x28 ./Core/Src/ir_array.o
 .text._ir_stop_adc
                0x0800345e       0x4c ./Core/Src/ir_array.o
 .text._ir_start_adc
                0x080034aa       0xf4 ./Core/Src/ir_array.o
 .text._ir_get_mapped_sample
                0x0800359e       0x6e ./Core/Src/ir_array.o
 .text._ir_fault
                0x0800360c       0x4e ./Core/Src/ir_array.o
 .text._ir_validate_init
                0x0800365a       0xda ./Core/Src/ir_array.o
 .text.IR_Array_Init
                0x08003734      0x188 ./Core/Src/ir_array.o
                0x08003734                IR_Array_Init
 .text.IR_Array_StartFrame
                0x080038bc       0x9c ./Core/Src/ir_array.o
                0x080038bc                IR_Array_StartFrame
 .text.IR_Array_AllEmittersOff
                0x08003958       0x28 ./Core/Src/ir_array.o
                0x08003958                IR_Array_AllEmittersOff
 .text.IR_Array_OnTimerElapsed
                0x08003980       0xae ./Core/Src/ir_array.o
                0x08003980                IR_Array_OnTimerElapsed
 .text.IR_Array_OnAdcConvCplt
                0x08003a2e      0x1b0 ./Core/Src/ir_array.o
                0x08003a2e                IR_Array_OnAdcConvCplt
 .text.IR_Array_IsBusy
                0x08003bde       0x2c ./Core/Src/ir_array.o
                0x08003bde                IR_Array_IsBusy
 .text.IR_Array_FrameReady
                0x08003c0a       0x2c ./Core/Src/ir_array.o
                0x08003c0a                IR_Array_FrameReady
 .text.IR_Array_ClearFrameReady
                0x08003c36       0x22 ./Core/Src/ir_array.o
                0x08003c36                IR_Array_ClearFrameReady
 .text.IR_Sensors_Init
                0x08003c58      0x170 ./Core/Src/ir_sensors.o
                0x08003c58                IR_Sensors_Init
 .text.IR_Sensors_StartFrame
                0x08003dc8       0x2c ./Core/Src/ir_sensors.o
                0x08003dc8                IR_Sensors_StartFrame
 .text.IR_Sensors_IsBusy
                0x08003df4       0x2c ./Core/Src/ir_sensors.o
                0x08003df4                IR_Sensors_IsBusy
 .text.IR_Sensors_FrameReady
                0x08003e20       0x2c ./Core/Src/ir_sensors.o
                0x08003e20                IR_Sensors_FrameReady
 .text.IR_Sensors_ClearFrameReady
                0x08003e4c       0x28 ./Core/Src/ir_sensors.o
                0x08003e4c                IR_Sensors_ClearFrameReady
 .text.IR_Sensors_GetSignal
                0x08003e74       0x14 ./Core/Src/ir_sensors.o
                0x08003e74                IR_Sensors_GetSignal
 .text.IR_Sensors_OnAdcConvCplt
                0x08003e88       0x30 ./Core/Src/ir_sensors.o
                0x08003e88                IR_Sensors_OnAdcConvCplt
 .text.IR_Sensors_OnTimerElapsed
                0x08003eb8       0x30 ./Core/Src/ir_sensors.o
                0x08003eb8                IR_Sensors_OnTimerElapsed
 .text.main     0x08003ee8       0x4e ./Core/Src/main.o
                0x08003ee8                main
 .text.SystemClock_Config
                0x08003f36       0x92 ./Core/Src/main.o
                0x08003f36                SystemClock_Config
 .text.MX_ADC1_Init
                0x08003fc8      0x150 ./Core/Src/main.o
 .text.MX_ADC2_Init
                0x08004118       0xec ./Core/Src/main.o
 .text.MX_SPI1_Init
                0x08004204       0x7c ./Core/Src/main.o
 .text.MX_TIM1_Init
                0x08004280      0x1a8 ./Core/Src/main.o
 .text.MX_TIM2_Init
                0x08004428       0xa8 ./Core/Src/main.o
 .text.MX_TIM3_Init
                0x080044d0       0x9c ./Core/Src/main.o
 .text.MX_TIM4_Init
                0x0800456c       0xac ./Core/Src/main.o
 .text.MX_TIM6_Init
                0x08004618       0x6c ./Core/Src/main.o
 .text.MX_TIM7_Init
                0x08004684       0x88 ./Core/Src/main.o
 .text.MX_TIM8_Init
                0x0800470c      0x160 ./Core/Src/main.o
 .text.MX_TIM16_Init
                0x0800486c       0x4c ./Core/Src/main.o
 .text.MX_USART2_UART_Init
                0x080048b8       0x98 ./Core/Src/main.o
 .text.MX_DMA_Init
                0x08004950       0x94 ./Core/Src/main.o
 .text.MX_GPIO_Init
                0x080049e4      0x160 ./Core/Src/main.o
 .text.Error_Handler
                0x08004b44        0xc ./Core/Src/main.o
                0x08004b44                Error_Handler
 .text.Dir_Left
                0x08004b50       0x22 ./Core/Src/maze_solver.o
 .text.Dir_Right
                0x08004b72       0x22 ./Core/Src/maze_solver.o
 .text.Dir_Back
                0x08004b94       0x22 ./Core/Src/maze_solver.o
 .text.Dir_Opposite
                0x08004bb6       0x1c ./Core/Src/maze_solver.o
 .text.DirDx    0x08004bd2       0x2e ./Core/Src/maze_solver.o
 .text.DirDy    0x08004c00       0x2e ./Core/Src/maze_solver.o
 .text.IsInside
                0x08004c2e       0x3a ./Core/Src/maze_solver.o
 .text.IsGoalCell
                0x08004c68       0x40 ./Core/Src/maze_solver.o
 .text.LogMsg   0x08004ca8       0x2e ./Core/Src/maze_solver.o
 .text.SetWall  0x08004cd6      0x124 ./Core/Src/maze_solver.o
 .text.IsKnownOpen
                0x08004dfa       0x74 ./Core/Src/maze_solver.o
 .text.NeighborOf
                0x08004e6e       0x66 ./Core/Src/maze_solver.o
 .text.InitOuterWalls
                0x08004ed4       0x76 ./Core/Src/maze_solver.o
 .text.MarkVisited
                0x08004f4a       0x50 ./Core/Src/maze_solver.o
 .text.ApplyWallReading
                0x08004f9a       0x9a ./Core/Src/maze_solver.o
 .text.PushCurrentPosition
                0x08005034       0x6c ./Core/Src/maze_solver.o
 .text.FindUnvisitedOpenNeighbor
                0x080050a0      0x12a ./Core/Src/maze_solver.o
 .text.GetBacktrackDirection
                0x080051ca       0xb0 ./Core/Src/maze_solver.o
 .text.RelativeTurnDeg
                0x0800527a       0x4c ./Core/Src/maze_solver.o
 .text.UpdateLogicalPosition
                0x080052c6       0x80 ./Core/Src/maze_solver.o
 .text.UpdateLogicalPositionCells
                0x08005346       0x50 ./Core/Src/maze_solver.o
 .text.RouteIsOpenForCells
                0x08005396       0x9c ./Core/Src/maze_solver.o
 .text.CountFastStraightCells
                0x08005432       0xa4 ./Core/Src/maze_solver.o
 .text.FinishWithStatus
                0x080054d6       0x56 ./Core/Src/maze_solver.o
 .text.TargetIsStart
                0x0800552c       0x42 ./Core/Src/maze_solver.o
 .text.TargetIsGoal
                0x0800556e       0x28 ./Core/Src/maze_solver.o
 *fill*         0x08005596        0x2 
 .text.PlanShortestKnownRoute
                0x08005598      0x354 ./Core/Src/maze_solver.o
 .text.StartPlannedRoute
                0x080058ec       0x66 ./Core/Src/maze_solver.o
 *fill*         0x08005952        0x2 
 .text.StartNextRouteStep
                0x08005954       0x98 ./Core/Src/maze_solver.o
 .text.MazeSolver_Init
                0x080059ec       0x9a ./Core/Src/maze_solver.o
                0x080059ec                MazeSolver_Init
 .text.MazeSolver_Start
                0x08005a86       0x4c ./Core/Src/maze_solver.o
                0x08005a86                MazeSolver_Start
 .text.MazeSolver_Stop
                0x08005ad2       0x44 ./Core/Src/maze_solver.o
                0x08005ad2                MazeSolver_Stop
 *fill*         0x08005b16        0x2 
 .text.MazeSolver_StartReturnToStart
                0x08005b18       0x90 ./Core/Src/maze_solver.o
                0x08005b18                MazeSolver_StartReturnToStart
 .text.MazeSolver_StartFastRun
                0x08005ba8       0x90 ./Core/Src/maze_solver.o
                0x08005ba8                MazeSolver_StartFastRun
 .text.MazeSolver_Task
                0x08005c38      0x420 ./Core/Src/maze_solver.o
                0x08005c38                MazeSolver_Task
 .text.MazeSolver_GetX
                0x08006058       0x24 ./Core/Src/maze_solver.o
                0x08006058                MazeSolver_GetX
 .text.MazeSolver_GetY
                0x0800607c       0x24 ./Core/Src/maze_solver.o
                0x0800607c                MazeSolver_GetY
 .text.MazeSolver_GetDir
                0x080060a0       0x24 ./Core/Src/maze_solver.o
                0x080060a0                MazeSolver_GetDir
 .text.MazeSolver_GetRouteLength
                0x080060c4       0x24 ./Core/Src/maze_solver.o
                0x080060c4                MazeSolver_GetRouteLength
 .text.MazeSolver_GetRouteIndex
                0x080060e8       0x24 ./Core/Src/maze_solver.o
                0x080060e8                MazeSolver_GetRouteIndex
 .text._clamp_f
                0x0800610c       0x52 ./Core/Src/motion.o
 *fill*         0x0800615e        0x2 
 .text._safe_sqrt_f
                0x08006160       0x38 ./Core/Src/motion.o
 .text._wrap_pi
                0x08006198       0x74 ./Core/Src/motion.o
 .text._rate_limit
                0x0800620c       0x8c ./Core/Src/motion.o
 .text._zero_command
                0x08006298       0x32 ./Core/Src/motion.o
 .text._motion_can_start
                0x080062ca       0x48 ./Core/Src/motion.o
 .text._update_finish_counter
                0x08006312       0x58 ./Core/Src/motion.o
 .text._finish_motion
                0x0800636a       0x30 ./Core/Src/motion.o
 .text._update_straight
                0x0800639a      0x2fe ./Core/Src/motion.o
 .text._update_turn
                0x08006698      0x1be ./Core/Src/motion.o
 *fill*         0x08006856        0x2 
 .text.Motion_DefaultConfig
                0x08006858       0xbc ./Core/Src/motion.o
                0x08006858                Motion_DefaultConfig
 .text.Motion_Init
                0x08006914       0xba ./Core/Src/motion.o
                0x08006914                Motion_Init
 .text.Motion_StartStraight
                0x080069ce       0xec ./Core/Src/motion.o
                0x080069ce                Motion_StartStraight
 .text.Motion_StartTurn
                0x08006aba       0xec ./Core/Src/motion.o
                0x08006aba                Motion_StartTurn
 *fill*         0x08006ba6        0x2 
 .text.Motion_Update
                0x08006ba8       0x7c ./Core/Src/motion.o
                0x08006ba8                Motion_Update
 .text.Motion_Stop
                0x08006c24       0x3a ./Core/Src/motion.o
                0x08006c24                Motion_Stop
 .text.Motion_ForceDone
                0x08006c5e       0x42 ./Core/Src/motion.o
                0x08006c5e                Motion_ForceDone
 .text.Motion_ClearDone
                0x08006ca0       0x38 ./Core/Src/motion.o
                0x08006ca0                Motion_ClearDone
 .text.Motion_IsBusy
                0x08006cd8       0x3e ./Core/Src/motion.o
                0x08006cd8                Motion_IsBusy
 .text.Motion_IsDone
                0x08006d16       0x2e ./Core/Src/motion.o
                0x08006d16                Motion_IsDone
 .text.Motion_GetMode
                0x08006d44       0x24 ./Core/Src/motion.o
                0x08006d44                Motion_GetMode
 .text.Motion_GetRemaining
                0x08006d68       0x2a ./Core/Src/motion.o
                0x08006d68                Motion_GetRemaining
 *fill*         0x08006d92        0x2 
 .text._clamp_command
                0x08006d94       0x3c ./Core/Src/motor.o
 .text._get_pwm_top
                0x08006dd0       0x1c ./Core/Src/motor.o
 .text._set_pwm_scaled
                0x08006dec       0x9c ./Core/Src/motor.o
 .text._set_pwm_percent_100
                0x08006e88       0x8e ./Core/Src/motor.o
 .text.Motor_Init
                0x08006f16       0x86 ./Core/Src/motor.o
                0x08006f16                Motor_Init
 .text.Motor_Set
                0x08006f9c       0xac ./Core/Src/motor.o
                0x08006f9c                Motor_Set
 .text.Motor_Brake
                0x08007048       0x38 ./Core/Src/motor.o
                0x08007048                Motor_Brake
 .text._get_pwm_top
                0x08007080       0x1c ./Core/Src/neopixel.o
 .text._get_pwm_hi_ticks
                0x0800709c       0x28 ./Core/Src/neopixel.o
 .text._get_pwm_lo_ticks
                0x080070c4       0x28 ./Core/Src/neopixel.o
 .text.NeoPixel_Init
                0x080070ec       0x5a ./Core/Src/neopixel.o
                0x080070ec                NeoPixel_Init
 .text.NeoPixel_SetColorRGB
                0x08007146       0x44 ./Core/Src/neopixel.o
                0x08007146                NeoPixel_SetColorRGB
 .text.NeoPixel_SetColor
                0x0800718a       0x34 ./Core/Src/neopixel.o
                0x0800718a                NeoPixel_SetColor
 .text.NeoPixel_Off
                0x080071be       0x24 ./Core/Src/neopixel.o
                0x080071be                NeoPixel_Off
 .text.NeoPixel_Show
                0x080071e2       0xea ./Core/Src/neopixel.o
                0x080071e2                NeoPixel_Show
 .text.NeoPixel_DMA_Callback
                0x080072cc       0xb0 ./Core/Src/neopixel.o
                0x080072cc                NeoPixel_DMA_Callback
 .text._wrap_angle
                0x0800737c       0x74 ./Core/Src/robot_controller.o
 .text._clamp_float
                0x080073f0       0x52 ./Core/Src/robot_controller.o
 *fill*         0x08007442        0x2 
 .text._clamp_wheel_speeds
                0x08007444       0x9c ./Core/Src/robot_controller.o
 .text._body_vel_to_wheel_vel
                0x080074e0       0x70 ./Core/Src/robot_controller.o
 .text._wheel_vel_to_body_vel
                0x08007550       0x6c ./Core/Src/robot_controller.o
 .text.RobotController_Init
                0x080075bc       0x78 ./Core/Src/robot_controller.o
                0x080075bc                RobotController_Init
 .text.RobotController_SetCmdVel
                0x08007634       0xb0 ./Core/Src/robot_controller.o
                0x08007634                RobotController_SetCmdVel
 .text.RobotController_Update
                0x080076e4      0x1b4 ./Core/Src/robot_controller.o
                0x080076e4                RobotController_Update
 .text.RobotController_ResetOdometry
                0x08007898       0x34 ./Core/Src/robot_controller.o
                0x08007898                RobotController_ResetOdometry
 .text.RobotController_Stop
                0x080078cc       0x54 ./Core/Src/robot_controller.o
                0x080078cc                RobotController_Stop
 .text.RobotController_GetPoseX
                0x08007920       0x2a ./Core/Src/robot_controller.o
                0x08007920                RobotController_GetPoseX
 .text.RobotController_GetPoseY
                0x0800794a       0x2a ./Core/Src/robot_controller.o
                0x0800794a                RobotController_GetPoseY
 .text.RobotController_GetLinearVelocity
                0x08007974       0x48 ./Core/Src/robot_controller.o
                0x08007974                RobotController_GetLinearVelocity
 .text.HAL_MspInit
                0x080079bc       0x48 ./Core/Src/stm32g4xx_hal_msp.o
                0x080079bc                HAL_MspInit
 .text.HAL_ADC_MspInit
                0x08007a04      0x20c ./Core/Src/stm32g4xx_hal_msp.o
                0x08007a04                HAL_ADC_MspInit
 .text.HAL_SPI_MspInit
                0x08007c10       0x84 ./Core/Src/stm32g4xx_hal_msp.o
                0x08007c10                HAL_SPI_MspInit
 .text.HAL_TIM_Base_MspInit
                0x08007c94      0x1b4 ./Core/Src/stm32g4xx_hal_msp.o
                0x08007c94                HAL_TIM_Base_MspInit
 .text.HAL_TIM_Encoder_MspInit
                0x08007e48      0x120 ./Core/Src/stm32g4xx_hal_msp.o
                0x08007e48                HAL_TIM_Encoder_MspInit
 .text.HAL_TIM_MspPostInit
                0x08007f68       0xe0 ./Core/Src/stm32g4xx_hal_msp.o
                0x08007f68                HAL_TIM_MspPostInit
 .text.HAL_UART_MspInit
                0x08008048      0x17c ./Core/Src/stm32g4xx_hal_msp.o
                0x08008048                HAL_UART_MspInit
 .text.NMI_Handler
                0x080081c4        0x8 ./Core/Src/stm32g4xx_it.o
                0x080081c4                NMI_Handler
 .text.HardFault_Handler
                0x080081cc        0x8 ./Core/Src/stm32g4xx_it.o
                0x080081cc                HardFault_Handler
 .text.MemManage_Handler
                0x080081d4        0x8 ./Core/Src/stm32g4xx_it.o
                0x080081d4                MemManage_Handler
 .text.BusFault_Handler
                0x080081dc        0x8 ./Core/Src/stm32g4xx_it.o
                0x080081dc                BusFault_Handler
 .text.UsageFault_Handler
                0x080081e4        0x8 ./Core/Src/stm32g4xx_it.o
                0x080081e4                UsageFault_Handler
 .text.SVC_Handler
                0x080081ec        0xe ./Core/Src/stm32g4xx_it.o
                0x080081ec                SVC_Handler
 .text.DebugMon_Handler
                0x080081fa        0xe ./Core/Src/stm32g4xx_it.o
                0x080081fa                DebugMon_Handler
 .text.PendSV_Handler
                0x08008208        0xe ./Core/Src/stm32g4xx_it.o
                0x08008208                PendSV_Handler
 .text.SysTick_Handler
                0x08008216        0xc ./Core/Src/stm32g4xx_it.o
                0x08008216                SysTick_Handler
 .text.EXTI0_IRQHandler
                0x08008222        0xe ./Core/Src/stm32g4xx_it.o
                0x08008222                EXTI0_IRQHandler
 .text.EXTI4_IRQHandler
                0x08008230        0xe ./Core/Src/stm32g4xx_it.o
                0x08008230                EXTI4_IRQHandler
 *fill*         0x0800823e        0x2 
 .text.DMA1_Channel1_IRQHandler
                0x08008240       0x14 ./Core/Src/stm32g4xx_it.o
                0x08008240                DMA1_Channel1_IRQHandler
 .text.DMA1_Channel2_IRQHandler
                0x08008254       0x14 ./Core/Src/stm32g4xx_it.o
                0x08008254                DMA1_Channel2_IRQHandler
 .text.DMA1_Channel3_IRQHandler
                0x08008268       0x14 ./Core/Src/stm32g4xx_it.o
                0x08008268                DMA1_Channel3_IRQHandler
 .text.DMA1_Channel4_IRQHandler
                0x0800827c       0x14 ./Core/Src/stm32g4xx_it.o
                0x0800827c                DMA1_Channel4_IRQHandler
 .text.DMA1_Channel5_IRQHandler
                0x08008290       0x14 ./Core/Src/stm32g4xx_it.o
                0x08008290                DMA1_Channel5_IRQHandler
 .text.TIM1_UP_TIM16_IRQHandler
                0x080082a4       0x1c ./Core/Src/stm32g4xx_it.o
                0x080082a4                TIM1_UP_TIM16_IRQHandler
 .text.TIM3_IRQHandler
                0x080082c0       0x14 ./Core/Src/stm32g4xx_it.o
                0x080082c0                TIM3_IRQHandler
 .text.USART2_IRQHandler
                0x080082d4       0x14 ./Core/Src/stm32g4xx_it.o
                0x080082d4                USART2_IRQHandler
 .text.EXTI15_10_IRQHandler
                0x080082e8       0x10 ./Core/Src/stm32g4xx_it.o
                0x080082e8                EXTI15_10_IRQHandler
 .text.TIM6_DAC_IRQHandler
                0x080082f8       0x14 ./Core/Src/stm32g4xx_it.o
                0x080082f8                TIM6_DAC_IRQHandler
 .text.TIM7_DAC_IRQHandler
                0x0800830c       0x14 ./Core/Src/stm32g4xx_it.o
                0x0800830c                TIM7_DAC_IRQHandler
 .text._getpid  0x08008320       0x10 ./Core/Src/syscalls.o
                0x08008320                _getpid
 .text._kill    0x08008330       0x20 ./Core/Src/syscalls.o
                0x08008330                _kill
 .text._exit    0x08008350       0x16 ./Core/Src/syscalls.o
                0x08008350                _exit
 .text._read    0x08008366       0x3a ./Core/Src/syscalls.o
                0x08008366                _read
 .text._write   0x080083a0       0x38 ./Core/Src/syscalls.o
                0x080083a0                _write
 .text._close   0x080083d8       0x18 ./Core/Src/syscalls.o
                0x080083d8                _close
 .text._fstat   0x080083f0       0x20 ./Core/Src/syscalls.o
                0x080083f0                _fstat
 .text._isatty  0x08008410       0x16 ./Core/Src/syscalls.o
                0x08008410                _isatty
 .text._lseek   0x08008426       0x1a ./Core/Src/syscalls.o
                0x08008426                _lseek
 .text._sbrk    0x08008440       0x6c ./Core/Src/sysmem.o
                0x08008440                _sbrk
 .text.SystemInit
                0x080084ac       0x24 ./Core/Src/system_stm32g4xx.o
                0x080084ac                SystemInit
 .text._clamp_float
                0x080084d0       0x52 ./Core/Src/velocity_pi.o
 .text.VelocityPI_Init
                0x08008522       0x76 ./Core/Src/velocity_pi.o
                0x08008522                VelocityPI_Init
 .text.VelocityPI_Reset
                0x08008598       0x34 ./Core/Src/velocity_pi.o
                0x08008598                VelocityPI_Reset
 .text.VelocityPI_SetSetpoint
                0x080085cc       0x26 ./Core/Src/velocity_pi.o
                0x080085cc                VelocityPI_SetSetpoint
 .text.VelocityPI_Update
                0x080085f2       0xe8 ./Core/Src/velocity_pi.o
                0x080085f2                VelocityPI_Update
 *fill*         0x080086da        0x2 
 .text.Reset_Handler
                0x080086dc       0x50 ./Core/Startup/startup_stm32g474cetx.o
                0x080086dc                Reset_Handler
 .text.Default_Handler
                0x0800872c        0x2 ./Core/Startup/startup_stm32g474cetx.o
                0x0800872c                RTC_Alarm_IRQHandler
                0x0800872c                EXTI2_IRQHandler
                0x0800872c                TIM8_TRG_COM_IRQHandler
                0x0800872c                TIM8_CC_IRQHandler
                0x0800872c                HRTIM1_Master_IRQHandler
                0x0800872c                SPI4_IRQHandler
                0x0800872c                FDCAN3_IT0_IRQHandler
                0x0800872c                TIM1_CC_IRQHandler
                0x0800872c                HRTIM1_FLT_IRQHandler
                0x0800872c                HRTIM1_TIMF_IRQHandler
                0x0800872c                USB_HP_IRQHandler
                0x0800872c                CORDIC_IRQHandler
                0x0800872c                HRTIM1_TIMD_IRQHandler
                0x0800872c                DMA2_Channel8_IRQHandler
                0x0800872c                EXTI3_IRQHandler
                0x0800872c                I2C3_ER_IRQHandler
                0x0800872c                I2C2_EV_IRQHandler
                0x0800872c                FPU_IRQHandler
                0x0800872c                FDCAN1_IT1_IRQHandler
                0x0800872c                ADC1_2_IRQHandler
                0x0800872c                HRTIM1_TIME_IRQHandler
                0x0800872c                SPI1_IRQHandler
                0x0800872c                HRTIM1_TIMC_IRQHandler
                0x0800872c                TIM8_UP_IRQHandler
                0x0800872c                DMA2_Channel2_IRQHandler
                0x0800872c                TIM20_TRG_COM_IRQHandler
                0x0800872c                USART3_IRQHandler
                0x0800872c                DMA1_Channel7_IRQHandler
                0x0800872c                UART5_IRQHandler
                0x0800872c                ADC3_IRQHandler
                0x0800872c                TIM4_IRQHandler
                0x0800872c                DMA2_Channel1_IRQHandler
                0x0800872c                QUADSPI_IRQHandler
                0x0800872c                I2C1_EV_IRQHandler
                0x0800872c                DMA1_Channel6_IRQHandler
                0x0800872c                UART4_IRQHandler
                0x0800872c                DMA2_Channel4_IRQHandler
                0x0800872c                RCC_IRQHandler
                0x0800872c                TIM20_UP_IRQHandler
                0x0800872c                Default_Handler
                0x0800872c                DMA2_Channel7_IRQHandler
                0x0800872c                RTC_TAMP_LSECSS_IRQHandler
                0x0800872c                FMAC_IRQHandler
                0x0800872c                DMA1_Channel8_IRQHandler
                0x0800872c                HRTIM1_TIMA_IRQHandler
                0x0800872c                FDCAN3_IT1_IRQHandler
                0x0800872c                TIM5_IRQHandler
                0x0800872c                UCPD1_IRQHandler
                0x0800872c                I2C3_EV_IRQHandler
                0x0800872c                EXTI9_5_IRQHandler
                0x0800872c                RTC_WKUP_IRQHandler
                0x0800872c                PVD_PVM_IRQHandler
                0x0800872c                SPI2_IRQHandler
                0x0800872c                ADC5_IRQHandler
                0x0800872c                DMA2_Channel5_IRQHandler
                0x0800872c                CRS_IRQHandler
                0x0800872c                USB_LP_IRQHandler
                0x0800872c                RNG_IRQHandler
                0x0800872c                HRTIM1_TIMB_IRQHandler
                0x0800872c                TIM1_TRG_COM_TIM17_IRQHandler
                0x0800872c                FDCAN2_IT1_IRQHandler
                0x0800872c                ADC4_IRQHandler
                0x0800872c                WWDG_IRQHandler
                0x0800872c                I2C4_EV_IRQHandler
                0x0800872c                FDCAN2_IT0_IRQHandler
                0x0800872c                LPUART1_IRQHandler
                0x0800872c                DMA2_Channel6_IRQHandler
                0x0800872c                FDCAN1_IT0_IRQHandler
                0x0800872c                TIM2_IRQHandler
                0x0800872c                COMP7_IRQHandler
                0x0800872c                COMP1_2_3_IRQHandler
                0x0800872c                EXTI1_IRQHandler
                0x0800872c                COMP4_5_6_IRQHandler
                0x0800872c                TIM20_BRK_IRQHandler
                0x0800872c                I2C2_ER_IRQHandler
                0x0800872c                TIM8_BRK_IRQHandler
                0x0800872c                FLASH_IRQHandler
                0x0800872c                TIM20_CC_IRQHandler
                0x0800872c                USART1_IRQHandler
                0x0800872c                SPI3_IRQHandler
                0x0800872c                I2C1_ER_IRQHandler
                0x0800872c                FMC_IRQHandler
                0x0800872c                LPTIM1_IRQHandler
                0x0800872c                DMAMUX_OVR_IRQHandler
                0x0800872c                I2C4_ER_IRQHandler
                0x0800872c                USBWakeUp_IRQHandler
                0x0800872c                SAI1_IRQHandler
                0x0800872c                DMA2_Channel3_IRQHandler
                0x0800872c                TIM1_BRK_TIM15_IRQHandler
 .text.HAL_Init
                0x0800872e       0x30 ./Drivers/STM32G4xx_HAL_Driver/Src/stm32g4xx_hal.o
                0x0800872e                HAL_Init
 *fill*         0x0800875e        0x2 
 .text.HAL_InitTick
                0x08008760       0x74 ./Drivers/STM32G4xx_HAL_Driver/Src/stm32g4xx_hal.o
                0x08008760                HAL_InitTick
 .text.HAL_IncTick
                0x080087d4       0x24 ./Drivers/STM32G4xx_HAL_Driver/Src/stm32g4xx_hal.o
                0x080087d4                HAL_IncTick
 .text.HAL_GetTick
                0x080087f8       0x18 ./Drivers/STM32G4xx_HAL_Driver/Src/stm32g4xx_hal.o
                0x080087f8                HAL_GetTick
 .text.HAL_Delay
                0x08008810       0x44 ./Drivers/STM32G4xx_HAL_Driver/Src/stm32g4xx_hal.o
                0x08008810                HAL_Delay
 .text.LL_ADC_SetCommonClock
                0x08008854       0x26 ./Drivers/STM32G4xx_HAL_Driver/Src/stm32g4xx_hal_adc.o
 .text.LL_ADC_SetCommonPathInternalCh
                0x0800887a       0x26 ./Drivers/STM32G4xx_HAL_Driver/Src/stm32g4xx_hal_adc.o
 .text.LL_ADC_GetCommonPathInternalCh
                0x080088a0       0x1c ./Drivers/STM32G4xx_HAL_Driver/Src/stm32g4xx_hal_adc.o
 .text.LL_ADC_SetOffset
                0x080088bc       0x48 ./Drivers/STM32G4xx_HAL_Driver/Src/stm32g4xx_hal_adc.o
 .text.LL_ADC_GetOffsetChannel
                0x08008904       0x2c ./Drivers/STM32G4xx_HAL_Driver/Src/stm32g4xx_hal_adc.o
 .text.LL_ADC_SetOffsetState
                0x08008930       0x36 ./Drivers/STM32G4xx_HAL_Driver/Src/stm32g4xx_hal_adc.o
 .text.LL_ADC_SetOffsetSign
                0x08008966       0x36 ./Drivers/STM32G4xx_HAL_Driver/Src/stm32g4xx_hal_adc.o
 .text.LL_ADC_SetOffsetSaturation
                0x0800899c       0x36 ./Drivers/STM32G4xx_HAL_Driver/Src/stm32g4xx_hal_adc.o
 .text.LL_ADC_SetSamplingTimeCommonConfig
                0x080089d2       0x26 ./Drivers/STM32G4xx_HAL_Driver/Src/stm32g4xx_hal_adc.o
 .text.LL_ADC_REG_IsTriggerSourceSWStart
                0x080089f8       0x26 ./Drivers/STM32G4xx_HAL_Driver/Src/stm32g4xx_hal_adc.o
 .text.LL_ADC_REG_SetSequencerRanks
                0x08008a1e       0x58 ./Drivers/STM32G4xx_HAL_Driver/Src/stm32g4xx_hal_adc.o
 .text.LL_ADC_SetChannelSamplingTime
                0x08008a76       0x56 ./Drivers/STM32G4xx_HAL_Driver/Src/stm32g4xx_hal_adc.o
 .text.LL_ADC_SetChannelSingleDiff
                0x08008acc       0x48 ./Drivers/STM32G4xx_HAL_Driver/Src/stm32g4xx_hal_adc.o
 .text.LL_ADC_GetMultimode
                0x08008b14       0x1c ./Drivers/STM32G4xx_HAL_Driver/Src/stm32g4xx_hal_adc.o
 .text.LL_ADC_DisableDeepPowerDown
                0x08008b30       0x24 ./Drivers/STM32G4xx_HAL_Driver/Src/stm32g4xx_hal_adc.o
 .text.LL_ADC_IsDeepPowerDownEnabled
                0x08008b54       0x28 ./Drivers/STM32G4xx_HAL_Driver/Src/stm32g4xx_hal_adc.o
 .text.LL_ADC_EnableInternalRegulator
                0x08008b7c       0x28 ./Drivers/STM32G4xx_HAL_Driver/Src/stm32g4xx_hal_adc.o
 .text.LL_ADC_IsInternalRegulatorEnabled
                0x08008ba4       0x28 ./Drivers/STM32G4xx_HAL_Driver/Src/stm32g4xx_hal_adc.o
 .text.LL_ADC_Enable
                0x08008bcc       0x28 ./Drivers/STM32G4xx_HAL_Driver/Src/stm32g4xx_hal_adc.o
 .text.LL_ADC_Disable
                0x08008bf4       0x28 ./Drivers/STM32G4xx_HAL_Driver/Src/stm32g4xx_hal_adc.o
 .text.LL_ADC_IsEnabled
                0x08008c1c       0x26 ./Drivers/STM32G4xx_HAL_Driver/Src/stm32g4xx_hal_adc.o
 .text.LL_ADC_IsDisableOngoing
                0x08008c42       0x26 ./Drivers/STM32G4xx_HAL_Driver/Src/stm32g4xx_hal_adc.o
 .text.LL_ADC_REG_StartConversion
                0x08008c68       0x28 ./Drivers/STM32G4xx_HAL_Driver/Src/stm32g4xx_hal_adc.o
 .text.LL_ADC_REG_StopConversion
                0x08008c90       0x28 ./Drivers/STM32G4xx_HAL_Driver/Src/stm32g4xx_hal_adc.o
 .text.LL_ADC_REG_IsConversionOngoing
                0x08008cb8       0x26 ./Drivers/STM32G4xx_HAL_Driver/Src/stm32g4xx_hal_adc.o
 .text.LL_ADC_INJ_StopConversion
                0x08008cde       0x28 ./Drivers/STM32G4xx_HAL_Driver/Src/stm32g4xx_hal_adc.o
 .text.LL_ADC_INJ_IsConversionOngoing
                0x08008d06       0x26 ./Drivers/STM32G4xx_HAL_Driver/Src/stm32g4xx_hal_adc.o
 .text.HAL_ADC_Init
                0x08008d2c      0x378 ./Drivers/STM32G4xx_HAL_Driver/Src/stm32g4xx_hal_adc.o
                0x08008d2c                HAL_ADC_Init
 .text.HAL_ADC_Start_DMA
                0x080090a4      0x1a8 ./Drivers/STM32G4xx_HAL_Driver/Src/stm32g4xx_hal_adc.o
                0x080090a4                HAL_ADC_Start_DMA
 .text.HAL_ADC_Stop_DMA
                0x0800924c       0xc2 ./Drivers/STM32G4xx_HAL_Driver/Src/stm32g4xx_hal_adc.o
                0x0800924c                HAL_ADC_Stop_DMA
 .text.HAL_ADC_ConvHalfCpltCallback
                0x0800930e       0x14 ./Drivers/STM32G4xx_HAL_Driver/Src/stm32g4xx_hal_adc.o
                0x0800930e                HAL_ADC_ConvHalfCpltCallback
 .text.HAL_ADC_ErrorCallback
                0x08009322       0x14 ./Drivers/STM32G4xx_HAL_Driver/Src/stm32g4xx_hal_adc.o
                0x08009322                HAL_ADC_ErrorCallback
 *fill*         0x08009336        0x2 
 .text.HAL_ADC_ConfigChannel
                0x08009338      0x880 ./Drivers/STM32G4xx_HAL_Driver/Src/stm32g4xx_hal_adc.o
                0x08009338                HAL_ADC_ConfigChannel
 .text.ADC_ConversionStop
                0x08009bb8      0x178 ./Drivers/STM32G4xx_HAL_Driver/Src/stm32g4xx_hal_adc.o
                0x08009bb8                ADC_ConversionStop
 .text.ADC_Enable
                0x08009d30      0x12c ./Drivers/STM32G4xx_HAL_Driver/Src/stm32g4xx_hal_adc.o
                0x08009d30                ADC_Enable
 .text.ADC_Disable
                0x08009e5c       0xbe ./Drivers/STM32G4xx_HAL_Driver/Src/stm32g4xx_hal_adc.o
                0x08009e5c                ADC_Disable
 .text.ADC_DMAConvCplt
                0x08009f1a       0xd8 ./Drivers/STM32G4xx_HAL_Driver/Src/stm32g4xx_hal_adc.o
                0x08009f1a                ADC_DMAConvCplt
 .text.ADC_DMAHalfConvCplt
                0x08009ff2       0x1c ./Drivers/STM32G4xx_HAL_Driver/Src/stm32g4xx_hal_adc.o
                0x08009ff2                ADC_DMAHalfConvCplt
 .text.ADC_DMAError
                0x0800a00e       0x34 ./Drivers/STM32G4xx_HAL_Driver/Src/stm32g4xx_hal_adc.o
                0x0800a00e                ADC_DMAError
 .text.LL_ADC_IsEnabled
                0x0800a042       0x26 ./Drivers/STM32G4xx_HAL_Driver/Src/stm32g4xx_hal_adc_ex.o
 .text.LL_ADC_StartCalibration
                0x0800a068       0x32 ./Drivers/STM32G4xx_HAL_Driver/Src/stm32g4xx_hal_adc_ex.o
 .text.LL_ADC_IsCalibrationOnGoing
                0x0800a09a       0x28 ./Drivers/STM32G4xx_HAL_Driver/Src/stm32g4xx_hal_adc_ex.o
 .text.LL_ADC_REG_IsConversionOngoing
                0x0800a0c2       0x26 ./Drivers/STM32G4xx_HAL_Driver/Src/stm32g4xx_hal_adc_ex.o
 .text.HAL_ADCEx_Calibration_Start
                0x0800a0e8       0xc4 ./Drivers/STM32G4xx_HAL_Driver/Src/stm32g4xx_hal_adc_ex.o
                0x0800a0e8                HAL_ADCEx_Calibration_Start
 .text.HAL_ADCEx_MultiModeConfigChannel
                0x0800a1ac      0x210 ./Drivers/STM32G4xx_HAL_Driver/Src/stm32g4xx_hal_adc_ex.o
                0x0800a1ac                HAL_ADCEx_MultiModeConfigChannel
 .text.__NVIC_SetPriorityGrouping
                0x0800a3bc       0x48 ./Drivers/STM32G4xx_HAL_Driver/Src/stm32g4xx_hal_cortex.o
 .text.__NVIC_GetPriorityGrouping
                0x0800a404       0x1c ./Drivers/STM32G4xx_HAL_Driver/Src/stm32g4xx_hal_cortex.o
 .text.__NVIC_EnableIRQ
                0x0800a420       0x3c ./Drivers/STM32G4xx_HAL_Driver/Src/stm32g4xx_hal_cortex.o
 .text.__NVIC_DisableIRQ
                0x0800a45c       0x48 ./Drivers/STM32G4xx_HAL_Driver/Src/stm32g4xx_hal_cortex.o
 .text.__NVIC_SetPriority
                0x0800a4a4       0x54 ./Drivers/STM32G4xx_HAL_Driver/Src/stm32g4xx_hal_cortex.o
 .text.NVIC_EncodePriority
                0x0800a4f8       0x66 ./Drivers/STM32G4xx_HAL_Driver/Src/stm32g4xx_hal_cortex.o
 *fill*         0x0800a55e        0x2 
 .text.SysTick_Config
                0x0800a560       0x44 ./Drivers/STM32G4xx_HAL_Driver/Src/stm32g4xx_hal_cortex.o
 .text.HAL_NVIC_SetPriorityGrouping
                0x0800a5a4       0x16 ./Drivers/STM32G4xx_HAL_Driver/Src/stm32g4xx_hal_cortex.o
                0x0800a5a4                HAL_NVIC_SetPriorityGrouping
 .text.HAL_NVIC_SetPriority
                0x0800a5ba       0x34 ./Drivers/STM32G4xx_HAL_Driver/Src/stm32g4xx_hal_cortex.o
                0x0800a5ba                HAL_NVIC_SetPriority
 .text.HAL_NVIC_EnableIRQ
                0x0800a5ee       0x1c ./Drivers/STM32G4xx_HAL_Driver/Src/stm32g4xx_hal_cortex.o
                0x0800a5ee                HAL_NVIC_EnableIRQ
 .text.HAL_NVIC_DisableIRQ
                0x0800a60a       0x1c ./Drivers/STM32G4xx_HAL_Driver/Src/stm32g4xx_hal_cortex.o
                0x0800a60a                HAL_NVIC_DisableIRQ
 .text.HAL_SYSTICK_Config
                0x0800a626       0x18 ./Drivers/STM32G4xx_HAL_Driver/Src/stm32g4xx_hal_cortex.o
                0x0800a626                HAL_SYSTICK_Config
 *fill*         0x0800a63e        0x2 
 .text.HAL_DMA_Init
                0x0800a640      0x150 ./Drivers/STM32G4xx_HAL_Driver/Src/stm32g4xx_hal_dma.o
                0x0800a640                HAL_DMA_Init
 .text.HAL_DMA_Start_IT
                0x0800a790       0xf6 ./Drivers/STM32G4xx_HAL_Driver/Src/stm32g4xx_hal_dma.o
                0x0800a790                HAL_DMA_Start_IT
 .text.HAL_DMA_Abort
                0x0800a886       0xbc ./Drivers/STM32G4xx_HAL_Driver/Src/stm32g4xx_hal_dma.o
                0x0800a886                HAL_DMA_Abort
 .text.HAL_DMA_Abort_IT
                0x0800a942       0xce ./Drivers/STM32G4xx_HAL_Driver/Src/stm32g4xx_hal_dma.o
                0x0800a942                HAL_DMA_Abort_IT
 .text.HAL_DMA_IRQHandler
                0x0800aa10      0x15e ./Drivers/STM32G4xx_HAL_Driver/Src/stm32g4xx_hal_dma.o
                0x0800aa10                HAL_DMA_IRQHandler
 .text.DMA_SetConfig
                0x0800ab6e       0x7c ./Drivers/STM32G4xx_HAL_Driver/Src/stm32g4xx_hal_dma.o
 *fill*         0x0800abea        0x2 
 .text.DMA_CalcDMAMUXChannelBaseAndMask
                0x0800abec       0x90 ./Drivers/STM32G4xx_HAL_Driver/Src/stm32g4xx_hal_dma.o
 .text.DMA_CalcDMAMUXRequestGenBaseAndMask
                0x0800ac7c       0x4c ./Drivers/STM32G4xx_HAL_Driver/Src/stm32g4xx_hal_dma.o
 .text.HAL_GPIO_Init
                0x0800acc8      0x318 ./Drivers/STM32G4xx_HAL_Driver/Src/stm32g4xx_hal_gpio.o
                0x0800acc8                HAL_GPIO_Init
 .text.HAL_GPIO_ReadPin
                0x0800afe0       0x30 ./Drivers/STM32G4xx_HAL_Driver/Src/stm32g4xx_hal_gpio.o
                0x0800afe0                HAL_GPIO_ReadPin
 .text.HAL_GPIO_WritePin
                0x0800b010       0x30 ./Drivers/STM32G4xx_HAL_Driver/Src/stm32g4xx_hal_gpio.o
                0x0800b010                HAL_GPIO_WritePin
 .text.HAL_GPIO_EXTI_IRQHandler
                0x0800b040       0x30 ./Drivers/STM32G4xx_HAL_Driver/Src/stm32g4xx_hal_gpio.o
                0x0800b040                HAL_GPIO_EXTI_IRQHandler
 .text.HAL_PWREx_ControlVoltageScaling
                0x0800b070      0x148 ./Drivers/STM32G4xx_HAL_Driver/Src/stm32g4xx_hal_pwr_ex.o
                0x0800b070                HAL_PWREx_ControlVoltageScaling
 .text.HAL_PWREx_DisableUCPDDeadBattery
                0x0800b1b8       0x20 ./Drivers/STM32G4xx_HAL_Driver/Src/stm32g4xx_hal_pwr_ex.o
                0x0800b1b8                HAL_PWREx_DisableUCPDDeadBattery
 .text.HAL_RCC_OscConfig
                0x0800b1d8      0x624 ./Drivers/STM32G4xx_HAL_Driver/Src/stm32g4xx_hal_rcc.o
                0x0800b1d8                HAL_RCC_OscConfig
 .text.HAL_RCC_ClockConfig
                0x0800b7fc      0x278 ./Drivers/STM32G4xx_HAL_Driver/Src/stm32g4xx_hal_rcc.o
                0x0800b7fc                HAL_RCC_ClockConfig
 .text.HAL_RCC_GetSysClockFreq
                0x0800ba74       0xc4 ./Drivers/STM32G4xx_HAL_Driver/Src/stm32g4xx_hal_rcc.o
                0x0800ba74                HAL_RCC_GetSysClockFreq
 .text.HAL_RCC_GetHCLKFreq
                0x0800bb38       0x18 ./Drivers/STM32G4xx_HAL_Driver/Src/stm32g4xx_hal_rcc.o
                0x0800bb38                HAL_RCC_GetHCLKFreq
 .text.HAL_RCC_GetPCLK1Freq
                0x0800bb50       0x2c ./Drivers/STM32G4xx_HAL_Driver/Src/stm32g4xx_hal_rcc.o
                0x0800bb50                HAL_RCC_GetPCLK1Freq
 .text.HAL_RCC_GetPCLK2Freq
                0x0800bb7c       0x2c ./Drivers/STM32G4xx_HAL_Driver/Src/stm32g4xx_hal_rcc.o
                0x0800bb7c                HAL_RCC_GetPCLK2Freq
 .text.RCC_GetSysClockFreqFromPLLSource
                0x0800bba8       0x8c ./Drivers/STM32G4xx_HAL_Driver/Src/stm32g4xx_hal_rcc.o
 .text.HAL_RCCEx_PeriphCLKConfig
                0x0800bc34      0x49c ./Drivers/STM32G4xx_HAL_Driver/Src/stm32g4xx_hal_rcc_ex.o
                0x0800bc34                HAL_RCCEx_PeriphCLKConfig
 .text.HAL_SPI_Init
                0x0800c0d0      0x156 ./Drivers/STM32G4xx_HAL_Driver/Src/stm32g4xx_hal_spi.o
                0x0800c0d0                HAL_SPI_Init
 .text.HAL_SPI_Transmit
                0x0800c226      0x2ec ./Drivers/STM32G4xx_HAL_Driver/Src/stm32g4xx_hal_spi.o
                0x0800c226                HAL_SPI_Transmit
 .text.HAL_SPI_Receive
                0x0800c512      0x270 ./Drivers/STM32G4xx_HAL_Driver/Src/stm32g4xx_hal_spi.o
                0x0800c512                HAL_SPI_Receive
 .text.HAL_SPI_TransmitReceive
                0x0800c782      0x43e ./Drivers/STM32G4xx_HAL_Driver/Src/stm32g4xx_hal_spi.o
                0x0800c782                HAL_SPI_TransmitReceive
 .text.SPI_WaitFlagStateUntilTimeout
                0x0800cbc0      0x110 ./Drivers/STM32G4xx_HAL_Driver/Src/stm32g4xx_hal_spi.o
 .text.SPI_WaitFifoStateUntilTimeout
                0x0800ccd0      0x12c ./Drivers/STM32G4xx_HAL_Driver/Src/stm32g4xx_hal_spi.o
 .text.SPI_EndRxTransaction
                0x0800cdfc       0xb0 ./Drivers/STM32G4xx_HAL_Driver/Src/stm32g4xx_hal_spi.o
 .text.SPI_EndRxTxTransaction
                0x0800ceac       0x8c ./Drivers/STM32G4xx_HAL_Driver/Src/stm32g4xx_hal_spi.o
 .text.HAL_TIM_Base_Init
                0x0800cf38       0xae ./Drivers/STM32G4xx_HAL_Driver/Src/stm32g4xx_hal_tim.o
                0x0800cf38                HAL_TIM_Base_Init
 *fill*         0x0800cfe6        0x2 
 .text.HAL_TIM_Base_Start_IT
                0x0800cfe8       0xf0 ./Drivers/STM32G4xx_HAL_Driver/Src/stm32g4xx_hal_tim.o
                0x0800cfe8                HAL_TIM_Base_Start_IT
 .text.HAL_TIM_Base_Stop_IT
                0x0800d0d8       0x60 ./Drivers/STM32G4xx_HAL_Driver/Src/stm32g4xx_hal_tim.o
                0x0800d0d8                HAL_TIM_Base_Stop_IT
 .text.HAL_TIM_PWM_Init
                0x0800d138       0xae ./Drivers/STM32G4xx_HAL_Driver/Src/stm32g4xx_hal_tim.o
                0x0800d138                HAL_TIM_PWM_Init
 .text.HAL_TIM_PWM_MspInit
                0x0800d1e6       0x14 ./Drivers/STM32G4xx_HAL_Driver/Src/stm32g4xx_hal_tim.o
                0x0800d1e6                HAL_TIM_PWM_MspInit
 *fill*         0x0800d1fa        0x2 
 .text.HAL_TIM_PWM_Start
                0x0800d1fc      0x224 ./Drivers/STM32G4xx_HAL_Driver/Src/stm32g4xx_hal_tim.o
                0x0800d1fc                HAL_TIM_PWM_Start
 .text.HAL_TIM_PWM_Start_DMA
                0x0800d420      0x458 ./Drivers/STM32G4xx_HAL_Driver/Src/stm32g4xx_hal_tim.o
                0x0800d420                HAL_TIM_PWM_Start_DMA
 .text.HAL_TIM_PWM_Stop_DMA
                0x0800d878      0x200 ./Drivers/STM32G4xx_HAL_Driver/Src/stm32g4xx_hal_tim.o
                0x0800d878                HAL_TIM_PWM_Stop_DMA
 .text.HAL_TIM_Encoder_Init
                0x0800da78      0x14c ./Drivers/STM32G4xx_HAL_Driver/Src/stm32g4xx_hal_tim.o
                0x0800da78                HAL_TIM_Encoder_Init
 .text.HAL_TIM_Encoder_Start
                0x0800dbc4      0x11c ./Drivers/STM32G4xx_HAL_Driver/Src/stm32g4xx_hal_tim.o
                0x0800dbc4                HAL_TIM_Encoder_Start
 .text.HAL_TIM_IRQHandler
                0x0800dce0      0x29e ./Drivers/STM32G4xx_HAL_Driver/Src/stm32g4xx_hal_tim.o
                0x0800dce0                HAL_TIM_IRQHandler
 *fill*         0x0800df7e        0x2 
 .text.HAL_TIM_PWM_ConfigChannel
                0x0800df80      0x228 ./Drivers/STM32G4xx_HAL_Driver/Src/stm32g4xx_hal_tim.o
                0x0800df80                HAL_TIM_PWM_ConfigChannel
 .text.HAL_TIM_ConfigClockSource
                0x0800e1a8      0x22c ./Drivers/STM32G4xx_HAL_Driver/Src/stm32g4xx_hal_tim.o
                0x0800e1a8                HAL_TIM_ConfigClockSource
 .text.HAL_TIM_OC_DelayElapsedCallback
                0x0800e3d4       0x14 ./Drivers/STM32G4xx_HAL_Driver/Src/stm32g4xx_hal_tim.o
                0x0800e3d4                HAL_TIM_OC_DelayElapsedCallback
 .text.HAL_TIM_IC_CaptureCallback
                0x0800e3e8       0x14 ./Drivers/STM32G4xx_HAL_Driver/Src/stm32g4xx_hal_tim.o
                0x0800e3e8                HAL_TIM_IC_CaptureCallback
 .text.HAL_TIM_PWM_PulseFinishedHalfCpltCallback
                0x0800e3fc       0x14 ./Drivers/STM32G4xx_HAL_Driver/Src/stm32g4xx_hal_tim.o
                0x0800e3fc                HAL_TIM_PWM_PulseFinishedHalfCpltCallback
 .text.HAL_TIM_TriggerCallback
                0x0800e410       0x14 ./Drivers/STM32G4xx_HAL_Driver/Src/stm32g4xx_hal_tim.o
                0x0800e410                HAL_TIM_TriggerCallback
 .text.HAL_TIM_ErrorCallback
                0x0800e424       0x14 ./Drivers/STM32G4xx_HAL_Driver/Src/stm32g4xx_hal_tim.o
                0x0800e424                HAL_TIM_ErrorCallback
 .text.TIM_DMAError
                0x0800e438       0x92 ./Drivers/STM32G4xx_HAL_Driver/Src/stm32g4xx_hal_tim.o
                0x0800e438                TIM_DMAError
 .text.TIM_DMADelayPulseCplt
                0x0800e4ca       0xa8 ./Drivers/STM32G4xx_HAL_Driver/Src/stm32g4xx_hal_tim.o
 .text.TIM_DMADelayPulseHalfCplt
                0x0800e572       0x68 ./Drivers/STM32G4xx_HAL_Driver/Src/stm32g4xx_hal_tim.o
                0x0800e572                TIM_DMADelayPulseHalfCplt
 *fill*         0x0800e5da        0x2 
 .text.TIM_Base_SetConfig
                0x0800e5dc      0x15c ./Drivers/STM32G4xx_HAL_Driver/Src/stm32g4xx_hal_tim.o
                0x0800e5dc                TIM_Base_SetConfig
 .text.TIM_OC1_SetConfig
                0x0800e738      0x138 ./Drivers/STM32G4xx_HAL_Driver/Src/stm32g4xx_hal_tim.o
 .text.TIM_OC2_SetConfig
                0x0800e870      0x12c ./Drivers/STM32G4xx_HAL_Driver/Src/stm32g4xx_hal_tim.o
                0x0800e870                TIM_OC2_SetConfig
 .text.TIM_OC3_SetConfig
                0x0800e99c      0x128 ./Drivers/STM32G4xx_HAL_Driver/Src/stm32g4xx_hal_tim.o
 .text.TIM_OC4_SetConfig
                0x0800eac4      0x12c ./Drivers/STM32G4xx_HAL_Driver/Src/stm32g4xx_hal_tim.o
 .text.TIM_OC5_SetConfig
                0x0800ebf0       0xd4 ./Drivers/STM32G4xx_HAL_Driver/Src/stm32g4xx_hal_tim.o
 .text.TIM_OC6_SetConfig
                0x0800ecc4       0xd8 ./Drivers/STM32G4xx_HAL_Driver/Src/stm32g4xx_hal_tim.o
 .text.TIM_TI1_ConfigInputStage
                0x0800ed9c       0xb4 ./Drivers/STM32G4xx_HAL_Driver/Src/stm32g4xx_hal_tim.o
 .text.TIM_TI2_ConfigInputStage
                0x0800ee50       0x90 ./Drivers/STM32G4xx_HAL_Driver/Src/stm32g4xx_hal_tim.o
 .text.TIM_ITRx_SetConfig
                0x0800eee0       0x3a ./Drivers/STM32G4xx_HAL_Driver/Src/stm32g4xx_hal_tim.o
 .text.TIM_ETR_SetConfig
                0x0800ef1a       0x40 ./Drivers/STM32G4xx_HAL_Driver/Src/stm32g4xx_hal_tim.o
                0x0800ef1a                TIM_ETR_SetConfig
 .text.TIM_CCxChannelCmd
                0x0800ef5a       0x4a ./Drivers/STM32G4xx_HAL_Driver/Src/stm32g4xx_hal_tim.o
                0x0800ef5a                TIM_CCxChannelCmd
 .text.HAL_TIMEx_MasterConfigSynchronization
                0x0800efa4      0x12c ./Drivers/STM32G4xx_HAL_Driver/Src/stm32g4xx_hal_tim_ex.o
                0x0800efa4                HAL_TIMEx_MasterConfigSynchronization
 .text.HAL_TIMEx_ConfigBreakDeadTime
                0x0800f0d0      0x128 ./Drivers/STM32G4xx_HAL_Driver/Src/stm32g4xx_hal_tim_ex.o
                0x0800f0d0                HAL_TIMEx_ConfigBreakDeadTime
 .text.HAL_TIMEx_CommutCallback
                0x0800f1f8       0x14 ./Drivers/STM32G4xx_HAL_Driver/Src/stm32g4xx_hal_tim_ex.o
                0x0800f1f8                HAL_TIMEx_CommutCallback
 .text.HAL_TIMEx_BreakCallback
                0x0800f20c       0x14 ./Drivers/STM32G4xx_HAL_Driver/Src/stm32g4xx_hal_tim_ex.o
                0x0800f20c                HAL_TIMEx_BreakCallback
 .text.HAL_TIMEx_Break2Callback
                0x0800f220       0x14 ./Drivers/STM32G4xx_HAL_Driver/Src/stm32g4xx_hal_tim_ex.o
                0x0800f220                HAL_TIMEx_Break2Callback
 .text.HAL_TIMEx_EncoderIndexCallback
                0x0800f234       0x14 ./Drivers/STM32G4xx_HAL_Driver/Src/stm32g4xx_hal_tim_ex.o
                0x0800f234                HAL_TIMEx_EncoderIndexCallback
 .text.HAL_TIMEx_DirectionChangeCallback
                0x0800f248       0x14 ./Drivers/STM32G4xx_HAL_Driver/Src/stm32g4xx_hal_tim_ex.o
                0x0800f248                HAL_TIMEx_DirectionChangeCallback
 .text.HAL_TIMEx_IndexErrorCallback
                0x0800f25c       0x14 ./Drivers/STM32G4xx_HAL_Driver/Src/stm32g4xx_hal_tim_ex.o
                0x0800f25c                HAL_TIMEx_IndexErrorCallback
 .text.HAL_TIMEx_TransitionErrorCallback
                0x0800f270       0x14 ./Drivers/STM32G4xx_HAL_Driver/Src/stm32g4xx_hal_tim_ex.o
                0x0800f270                HAL_TIMEx_TransitionErrorCallback
 .text.HAL_UART_Init
                0x0800f284       0xa0 ./Drivers/STM32G4xx_HAL_Driver/Src/stm32g4xx_hal_uart.o
                0x0800f284                HAL_UART_Init
 .text.HAL_UART_Transmit
                0x0800f324      0x132 ./Drivers/STM32G4xx_HAL_Driver/Src/stm32g4xx_hal_uart.o
                0x0800f324                HAL_UART_Transmit
 *fill*         0x0800f456        0x2 
 .text.HAL_UART_IRQHandler
                0x0800f458      0x684 ./Drivers/STM32G4xx_HAL_Driver/Src/stm32g4xx_hal_uart.o
                0x0800f458                HAL_UART_IRQHandler
 .text.HAL_UART_TxCpltCallback
                0x0800fadc       0x14 ./Drivers/STM32G4xx_HAL_Driver/Src/stm32g4xx_hal_uart.o
                0x0800fadc                HAL_UART_TxCpltCallback
 .text.HAL_UART_ErrorCallback
                0x0800faf0       0x14 ./Drivers/STM32G4xx_HAL_Driver/Src/stm32g4xx_hal_uart.o
                0x0800faf0                HAL_UART_ErrorCallback
 .text.HAL_UARTEx_RxEventCallback
                0x0800fb04       0x18 ./Drivers/STM32G4xx_HAL_Driver/Src/stm32g4xx_hal_uart.o
                0x0800fb04                HAL_UARTEx_RxEventCallback
 .text.UART_SetConfig
                0x0800fb1c      0x5f8 ./Drivers/STM32G4xx_HAL_Driver/Src/stm32g4xx_hal_uart.o
                0x0800fb1c                UART_SetConfig
 .text.UART_AdvFeatureConfig
                0x08010114      0x144 ./Drivers/STM32G4xx_HAL_Driver/Src/stm32g4xx_hal_uart.o
                0x08010114                UART_AdvFeatureConfig
 .text.UART_CheckIdleState
                0x08010258      0x154 ./Drivers/STM32G4xx_HAL_Driver/Src/stm32g4xx_hal_uart.o
                0x08010258                UART_CheckIdleState
 .text.UART_WaitOnFlagUntilTimeout
                0x080103ac       0xda ./Drivers/STM32G4xx_HAL_Driver/Src/stm32g4xx_hal_uart.o
                0x080103ac                UART_WaitOnFlagUntilTimeout
 .text.UART_EndRxTransfer
                0x08010486       0xcc ./Drivers/STM32G4xx_HAL_Driver/Src/stm32g4xx_hal_uart.o
 .text.UART_DMAAbortOnError
                0x08010552       0x1c ./Drivers/STM32G4xx_HAL_Driver/Src/stm32g4xx_hal_uart.o
 .text.UART_EndTransmit_IT
                0x0801056e       0x56 ./Drivers/STM32G4xx_HAL_Driver/Src/stm32g4xx_hal_uart.o
 .text.HAL_UARTEx_WakeupCallback
                0x080105c4       0x14 ./Drivers/STM32G4xx_HAL_Driver/Src/stm32g4xx_hal_uart_ex.o
                0x080105c4                HAL_UARTEx_WakeupCallback
 .text.HAL_UARTEx_RxFifoFullCallback
                0x080105d8       0x14 ./Drivers/STM32G4xx_HAL_Driver/Src/stm32g4xx_hal_uart_ex.o
                0x080105d8                HAL_UARTEx_RxFifoFullCallback
 .text.HAL_UARTEx_TxFifoEmptyCallback
                0x080105ec       0x14 ./Drivers/STM32G4xx_HAL_Driver/Src/stm32g4xx_hal_uart_ex.o
                0x080105ec                HAL_UARTEx_TxFifoEmptyCallback
 .text.HAL_UARTEx_DisableFifoMode
                0x08010600       0x72 ./Drivers/STM32G4xx_HAL_Driver/Src/stm32g4xx_hal_uart_ex.o
                0x08010600                HAL_UARTEx_DisableFifoMode
 .text.HAL_UARTEx_SetTxFifoThreshold
                0x08010672       0x7c ./Drivers/STM32G4xx_HAL_Driver/Src/stm32g4xx_hal_uart_ex.o
                0x08010672                HAL_UARTEx_SetTxFifoThreshold
 .text.HAL_UARTEx_SetRxFifoThreshold
                0x080106ee       0x7c ./Drivers/STM32G4xx_HAL_Driver/Src/stm32g4xx_hal_uart_ex.o
                0x080106ee                HAL_UARTEx_SetRxFifoThreshold
 *fill*         0x0801076a        0x2 
 .text.UARTEx_SetNbDataToProcess
                0x0801076c       0x9c ./Drivers/STM32G4xx_HAL_Driver/Src/stm32g4xx_hal_uart_ex.o
 .text.__cvt    0x08010808       0xca /opt/st/stm32cubeide_2.1.1/plugins/com.st.stm32cube.ide.mcu.externaltools.gnu-tools-for-stm32.14.3.rel1.linux64_1.0.100.202602081740/tools/bin/../lib/gcc/arm-none-eabi/14.3.1/../../../../arm-none-eabi/lib/thumb/v7e-m+fp/hard/libc_nano.a(libc_a-nano-vfprintf_float.o)
                0x08010808                __cvt
 .text.__exponent
                0x080108d2       0x74 /opt/st/stm32cubeide_2.1.1/plugins/com.st.stm32cube.ide.mcu.externaltools.gnu-tools-for-stm32.14.3.rel1.linux64_1.0.100.202602081740/tools/bin/../lib/gcc/arm-none-eabi/14.3.1/../../../../arm-none-eabi/lib/thumb/v7e-m+fp/hard/libc_nano.a(libc_a-nano-vfprintf_float.o)
                0x080108d2                __exponent
 *fill*         0x08010946        0x2 
 .text._printf_float
                0x08010948      0x450 /opt/st/stm32cubeide_2.1.1/plugins/com.st.stm32cube.ide.mcu.externaltools.gnu-tools-for-stm32.14.3.rel1.linux64_1.0.100.202602081740/tools/bin/../lib/gcc/arm-none-eabi/14.3.1/../../../../arm-none-eabi/lib/thumb/v7e-m+fp/hard/libc_nano.a(libc_a-nano-vfprintf_float.o)
                0x08010948                _printf_float
 .text._printf_common
                0x08010d98       0xda /opt/st/stm32cubeide_2.1.1/plugins/com.st.stm32cube.ide.mcu.externaltools.gnu-tools-for-stm32.14.3.rel1.linux64_1.0.100.202602081740/tools/bin/../lib/gcc/arm-none-eabi/14.3.1/../../../../arm-none-eabi/lib/thumb/v7e-m+fp/hard/libc_nano.a(libc_a-nano-vfprintf_i.o)
                0x08010d98                _printf_common
 *fill*         0x08010e72        0x2 
 .text._printf_i
                0x08010e74      0x24c /opt/st/stm32cubeide_2.1.1/plugins/com.st.stm32cube.ide.mcu.externaltools.gnu-tools-for-stm32.14.3.rel1.linux64_1.0.100.202602081740/tools/bin/../lib/gcc/arm-none-eabi/14.3.1/../../../../arm-none-eabi/lib/thumb/v7e-m+fp/hard/libc_nano.a(libc_a-nano-vfprintf_i.o)
                0x08010e74                _printf_i
 .text._scanf_float
                0x080110c0      0x418 /opt/st/stm32cubeide_2.1.1/plugins/com.st.stm32cube.ide.mcu.externaltools.gnu-tools-for-stm32.14.3.rel1.linux64_1.0.100.202602081740/tools/bin/../lib/gcc/arm-none-eabi/14.3.1/../../../../arm-none-eabi/lib/thumb/v7e-m+fp/hard/libc_nano.a(libc_a-nano-vfscanf_float.o)
                0x080110c0                _scanf_float
 .text.std      0x080114d8       0x6c /opt/st/stm32cubeide_2.1.1/plugins/com.st.stm32cube.ide.mcu.externaltools.gnu-tools-for-stm32.14.3.rel1.linux64_1.0.100.202602081740/tools/bin/../lib/gcc/arm-none-eabi/14.3.1/../../../../arm-none-eabi/lib/thumb/v7e-m+fp/hard/libc_nano.a(libc_a-findfp.o)
 .text.stdio_exit_handler
                0x08011544       0x18 /opt/st/stm32cubeide_2.1.1/plugins/com.st.stm32cube.ide.mcu.externaltools.gnu-tools-for-stm32.14.3.rel1.linux64_1.0.100.202602081740/tools/bin/../lib/gcc/arm-none-eabi/14.3.1/../../../../arm-none-eabi/lib/thumb/v7e-m+fp/hard/libc_nano.a(libc_a-findfp.o)
 .text.cleanup_stdio
                0x0801155c       0x40 /opt/st/stm32cubeide_2.1.1/plugins/com.st.stm32cube.ide.mcu.externaltools.gnu-tools-for-stm32.14.3.rel1.linux64_1.0.100.202602081740/tools/bin/../lib/gcc/arm-none-eabi/14.3.1/../../../../arm-none-eabi/lib/thumb/v7e-m+fp/hard/libc_nano.a(libc_a-findfp.o)
 .text.global_stdio_init.part.0
                0x0801159c       0x40 /opt/st/stm32cubeide_2.1.1/plugins/com.st.stm32cube.ide.mcu.externaltools.gnu-tools-for-stm32.14.3.rel1.linux64_1.0.100.202602081740/tools/bin/../lib/gcc/arm-none-eabi/14.3.1/../../../../arm-none-eabi/lib/thumb/v7e-m+fp/hard/libc_nano.a(libc_a-findfp.o)
 .text.__sfp_lock_acquire
                0x080115dc        0xc /opt/st/stm32cubeide_2.1.1/plugins/com.st.stm32cube.ide.mcu.externaltools.gnu-tools-for-stm32.14.3.rel1.linux64_1.0.100.202602081740/tools/bin/../lib/gcc/arm-none-eabi/14.3.1/../../../../arm-none-eabi/lib/thumb/v7e-m+fp/hard/libc_nano.a(libc_a-findfp.o)
                0x080115dc                __sfp_lock_acquire
 .text.__sfp_lock_release
                0x080115e8        0xc /opt/st/stm32cubeide_2.1.1/plugins/com.st.stm32cube.ide.mcu.externaltools.gnu-tools-for-stm32.14.3.rel1.linux64_1.0.100.202602081740/tools/bin/../lib/gcc/arm-none-eabi/14.3.1/../../../../arm-none-eabi/lib/thumb/v7e-m+fp/hard/libc_nano.a(libc_a-findfp.o)
                0x080115e8                __sfp_lock_release
 .text.__sinit  0x080115f4       0x30 /opt/st/stm32cubeide_2.1.1/plugins/com.st.stm32cube.ide.mcu.externaltools.gnu-tools-for-stm32.14.3.rel1.linux64_1.0.100.202602081740/tools/bin/../lib/gcc/arm-none-eabi/14.3.1/../../../../arm-none-eabi/lib/thumb/v7e-m+fp/hard/libc_nano.a(libc_a-findfp.o)
                0x080115f4                __sinit
 .text._fwalk_sglue
                0x08011624       0x3c /opt/st/stm32cubeide_2.1.1/plugins/com.st.stm32cube.ide.mcu.externaltools.gnu-tools-for-stm32.14.3.rel1.linux64_1.0.100.202602081740/tools/bin/../lib/gcc/arm-none-eabi/14.3.1/../../../../arm-none-eabi/lib/thumb/v7e-m+fp/hard/libc_nano.a(libc_a-fwalk.o)
                0x08011624                _fwalk_sglue
 .text.printf   0x08011660       0x24 /opt/st/stm32cubeide_2.1.1/plugins/com.st.stm32cube.ide.mcu.externaltools.gnu-tools-for-stm32.14.3.rel1.linux64_1.0.100.202602081740/tools/bin/../lib/gcc/arm-none-eabi/14.3.1/../../../../arm-none-eabi/lib/thumb/v7e-m+fp/hard/libc_nano.a(libc_a-printf.o)
                0x08011660                printf
                0x08011660                iprintf
 .text._puts_r  0x08011684       0xaa /opt/st/stm32cubeide_2.1.1/plugins/com.st.stm32cube.ide.mcu.externaltools.gnu-tools-for-stm32.14.3.rel1.linux64_1.0.100.202602081740/tools/bin/../lib/gcc/arm-none-eabi/14.3.1/../../../../arm-none-eabi/lib/thumb/v7e-m+fp/hard/libc_nano.a(libc_a-puts.o)
                0x08011684                _puts_r
 *fill*         0x0801172e        0x2 
 .text.puts     0x08011730       0x10 /opt/st/stm32cubeide_2.1.1/plugins/com.st.stm32cube.ide.mcu.externaltools.gnu-tools-for-stm32.14.3.rel1.linux64_1.0.100.202602081740/tools/bin/../lib/gcc/arm-none-eabi/14.3.1/../../../../arm-none-eabi/lib/thumb/v7e-m+fp/hard/libc_nano.a(libc_a-puts.o)
                0x08011730                puts
 .text.sprintf  0x08011740       0x44 /opt/st/stm32cubeide_2.1.1/plugins/com.st.stm32cube.ide.mcu.externaltools.gnu-tools-for-stm32.14.3.rel1.linux64_1.0.100.202602081740/tools/bin/../lib/gcc/arm-none-eabi/14.3.1/../../../../arm-none-eabi/lib/thumb/v7e-m+fp/hard/libc_nano.a(libc_a-sprintf.o)
                0x08011740                sprintf
                0x08011740                siprintf
 .text.__sread  0x08011784       0x22 /opt/st/stm32cubeide_2.1.1/plugins/com.st.stm32cube.ide.mcu.externaltools.gnu-tools-for-stm32.14.3.rel1.linux64_1.0.100.202602081740/tools/bin/../lib/gcc/arm-none-eabi/14.3.1/../../../../arm-none-eabi/lib/thumb/v7e-m+fp/hard/libc_nano.a(libc_a-stdio.o)
                0x08011784                __sread
 .text.__swrite
                0x080117a6       0x38 /opt/st/stm32cubeide_2.1.1/plugins/com.st.stm32cube.ide.mcu.externaltools.gnu-tools-for-stm32.14.3.rel1.linux64_1.0.100.202602081740/tools/bin/../lib/gcc/arm-none-eabi/14.3.1/../../../../arm-none-eabi/lib/thumb/v7e-m+fp/hard/libc_nano.a(libc_a-stdio.o)
                0x080117a6                __swrite
 .text.__sseek  0x080117de       0x26 /opt/st/stm32cubeide_2.1.1/plugins/com.st.stm32cube.ide.mcu.externaltools.gnu-tools-for-stm32.14.3.rel1.linux64_1.0.100.202602081740/tools/bin/../lib/gcc/arm-none-eabi/14.3.1/../../../../arm-none-eabi/lib/thumb/v7e-m+fp/hard/libc_nano.a(libc_a-stdio.o)
                0x080117de                __sseek
 .text.__sclose
                0x08011804        0x8 /opt/st/stm32cubeide_2.1.1/plugins/com.st.stm32cube.ide.mcu.externaltools.gnu-tools-for-stm32.14.3.rel1.linux64_1.0.100.202602081740/tools/bin/../lib/gcc/arm-none-eabi/14.3.1/../../../../arm-none-eabi/lib/thumb/v7e-m+fp/hard/libc_nano.a(libc_a-stdio.o)
                0x08011804                __sclose
 .text.__swbuf_r
                0x0801180c       0x7c /opt/st/stm32cubeide_2.1.1/plugins/com.st.stm32cube.ide.mcu.externaltools.gnu-tools-for-stm32.14.3.rel1.linux64_1.0.100.202602081740/tools/bin/../lib/gcc/arm-none-eabi/14.3.1/../../../../arm-none-eabi/lib/thumb/v7e-m+fp/hard/libc_nano.a(libc_a-wbuf.o)
                0x0801180c                __swbuf_r
 .text.__swsetup_r
                0x08011888       0xa8 /opt/st/stm32cubeide_2.1.1/plugins/com.st.stm32cube.ide.mcu.externaltools.gnu-tools-for-stm32.14.3.rel1.linux64_1.0.100.202602081740/tools/bin/../lib/gcc/arm-none-eabi/14.3.1/../../../../arm-none-eabi/lib/thumb/v7e-m+fp/hard/libc_nano.a(libc_a-wsetup.o)
                0x08011888                __swsetup_r
 .text.memset   0x08011930       0x10 /opt/st/stm32cubeide_2.1.1/plugins/com.st.stm32cube.ide.mcu.externaltools.gnu-tools-for-stm32.14.3.rel1.linux64_1.0.100.202602081740/tools/bin/../lib/gcc/arm-none-eabi/14.3.1/../../../../arm-none-eabi/lib/thumb/v7e-m+fp/hard/libc_nano.a(libc_a-memset.o)
                0x08011930                memset
 .text._localeconv_r
                0x08011940        0x8 /opt/st/stm32cubeide_2.1.1/plugins/com.st.stm32cube.ide.mcu.externaltools.gnu-tools-for-stm32.14.3.rel1.linux64_1.0.100.202602081740/tools/bin/../lib/gcc/arm-none-eabi/14.3.1/../../../../arm-none-eabi/lib/thumb/v7e-m+fp/hard/libc_nano.a(libc_a-localeconv.o)
                0x08011940                _localeconv_r
 .text._close_r
                0x08011948       0x20 /opt/st/stm32cubeide_2.1.1/plugins/com.st.stm32cube.ide.mcu.externaltools.gnu-tools-for-stm32.14.3.rel1.linux64_1.0.100.202602081740/tools/bin/../lib/gcc/arm-none-eabi/14.3.1/../../../../arm-none-eabi/lib/thumb/v7e-m+fp/hard/libc_nano.a(libc_a-closer.o)
                0x08011948                _close_r
 .text._lseek_r
                0x08011968       0x24 /opt/st/stm32cubeide_2.1.1/plugins/com.st.stm32cube.ide.mcu.externaltools.gnu-tools-for-stm32.14.3.rel1.linux64_1.0.100.202602081740/tools/bin/../lib/gcc/arm-none-eabi/14.3.1/../../../../arm-none-eabi/lib/thumb/v7e-m+fp/hard/libc_nano.a(libc_a-lseekr.o)
                0x08011968                _lseek_r
 .text._read_r  0x0801198c       0x24 /opt/st/stm32cubeide_2.1.1/plugins/com.st.stm32cube.ide.mcu.externaltools.gnu-tools-for-stm32.14.3.rel1.linux64_1.0.100.202602081740/tools/bin/../lib/gcc/arm-none-eabi/14.3.1/../../../../arm-none-eabi/lib/thumb/v7e-m+fp/hard/libc_nano.a(libc_a-readr.o)
                0x0801198c                _read_r
 .text._write_r
                0x080119b0       0x24 /opt/st/stm32cubeide_2.1.1/plugins/com.st.stm32cube.ide.mcu.externaltools.gnu-tools-for-stm32.14.3.rel1.linux64_1.0.100.202602081740/tools/bin/../lib/gcc/arm-none-eabi/14.3.1/../../../../arm-none-eabi/lib/thumb/v7e-m+fp/hard/libc_nano.a(libc_a-writer.o)
                0x080119b0                _write_r
 .text.__errno  0x080119d4        0xc /opt/st/stm32cubeide_2.1.1/plugins/com.st.stm32cube.ide.mcu.externaltools.gnu-tools-for-stm32.14.3.rel1.linux64_1.0.100.202602081740/tools/bin/../lib/gcc/arm-none-eabi/14.3.1/../../../../arm-none-eabi/lib/thumb/v7e-m+fp/hard/libc_nano.a(libc_a-errno.o)
                0x080119d4                __errno
 .text.__libc_init_array
                0x080119e0       0x48 /opt/st/stm32cubeide_2.1.1/plugins/com.st.stm32cube.ide.mcu.externaltools.gnu-tools-for-stm32.14.3.rel1.linux64_1.0.100.202602081740/tools/bin/../lib/gcc/arm-none-eabi/14.3.1/../../../../arm-none-eabi/lib/thumb/v7e-m+fp/hard/libc_nano.a(libc_a-init.o)
                0x080119e0                __libc_init_array
 .text.__retarget_lock_init_recursive
                0x08011a28        0x2 /opt/st/stm32cubeide_2.1.1/plugins/com.st.stm32cube.ide.mcu.externaltools.gnu-tools-for-stm32.14.3.rel1.linux64_1.0.100.202602081740/tools/bin/../lib/gcc/arm-none-eabi/14.3.1/../../../../arm-none-eabi/lib/thumb/v7e-m+fp/hard/libc_nano.a(libc_a-lock.o)
                0x08011a28                __retarget_lock_init_recursive
 .text.__retarget_lock_acquire_recursive
                0x08011a2a        0x2 /opt/st/stm32cubeide_2.1.1/plugins/com.st.stm32cube.ide.mcu.externaltools.gnu-tools-for-stm32.14.3.rel1.linux64_1.0.100.202602081740/tools/bin/../lib/gcc/arm-none-eabi/14.3.1/../../../../arm-none-eabi/lib/thumb/v7e-m+fp/hard/libc_nano.a(libc_a-lock.o)
                0x08011a2a                __retarget_lock_acquire_recursive
 .text.__retarget_lock_release_recursive
                0x08011a2c        0x2 /opt/st/stm32cubeide_2.1.1/plugins/com.st.stm32cube.ide.mcu.externaltools.gnu-tools-for-stm32.14.3.rel1.linux64_1.0.100.202602081740/tools/bin/../lib/gcc/arm-none-eabi/14.3.1/../../../../arm-none-eabi/lib/thumb/v7e-m+fp/hard/libc_nano.a(libc_a-lock.o)
                0x08011a2c                __retarget_lock_release_recursive
 .text.memcpy   0x08011a2e       0x1c /opt/st/stm32cubeide_2.1.1/plugins/com.st.stm32cube.ide.mcu.externaltools.gnu-tools-for-stm32.14.3.rel1.linux64_1.0.100.202602081740/tools/bin/../lib/gcc/arm-none-eabi/14.3.1/../../../../arm-none-eabi/lib/thumb/v7e-m+fp/hard/libc_nano.a(libc_a-memcpy-stub.o)
                0x08011a2e                memcpy
 *fill*         0x08011a4a        0x2 
 .text.nanf     0x08011a4c        0xc /opt/st/stm32cubeide_2.1.1/plugins/com.st.stm32cube.ide.mcu.externaltools.gnu-tools-for-stm32.14.3.rel1.linux64_1.0.100.202602081740/tools/bin/../lib/gcc/arm-none-eabi/14.3.1/../../../../arm-none-eabi/lib/thumb/v7e-m+fp/hard/libc_nano.a(libm_a-sf_nan.o)
                0x08011a4c                nanf
 .text.quorem   0x08011a58      0x110 /opt/st/stm32cubeide_2.1.1/plugins/com.st.stm32cube.ide.mcu.externaltools.gnu-tools-for-stm32.14.3.rel1.linux64_1.0.100.202602081740/tools/bin/../lib/gcc/arm-none-eabi/14.3.1/../../../../arm-none-eabi/lib/thumb/v7e-m+fp/hard/libc_nano.a(libc_a-dtoa.o)
 .text._dtoa_r  0x08011b68      0xbb8 /opt/st/stm32cubeide_2.1.1/plugins/com.st.stm32cube.ide.mcu.externaltools.gnu-tools-for-stm32.14.3.rel1.linux64_1.0.100.202602081740/tools/bin/../lib/gcc/arm-none-eabi/14.3.1/../../../../arm-none-eabi/lib/thumb/v7e-m+fp/hard/libc_nano.a(libc_a-dtoa.o)
                0x08011b68                _dtoa_r
 .text._free_r  0x08012720       0x94 /opt/st/stm32cubeide_2.1.1/plugins/com.st.stm32cube.ide.mcu.externaltools.gnu-tools-for-stm32.14.3.rel1.linux64_1.0.100.202602081740/tools/bin/../lib/gcc/arm-none-eabi/14.3.1/../../../../arm-none-eabi/lib/thumb/v7e-m+fp/hard/libc_nano.a(libc_a-freer.o)
                0x08012720                _free_r
 .text.malloc   0x080127b4       0x10 /opt/st/stm32cubeide_2.1.1/plugins/com.st.stm32cube.ide.mcu.externaltools.gnu-tools-for-stm32.14.3.rel1.linux64_1.0.100.202602081740/tools/bin/../lib/gcc/arm-none-eabi/14.3.1/../../../../arm-none-eabi/lib/thumb/v7e-m+fp/hard/libc_nano.a(libc_a-malloc.o)
                0x080127b4                malloc
 .text.sbrk_aligned
                0x080127c4       0x44 /opt/st/stm32cubeide_2.1.1/plugins/com.st.stm32cube.ide.mcu.externaltools.gnu-tools-for-stm32.14.3.rel1.linux64_1.0.100.202602081740/tools/bin/../lib/gcc/arm-none-eabi/14.3.1/../../../../arm-none-eabi/lib/thumb/v7e-m+fp/hard/libc_nano.a(libc_a-mallocr.o)
 .text._malloc_r
                0x08012808      0x100 /opt/st/stm32cubeide_2.1.1/plugins/com.st.stm32cube.ide.mcu.externaltools.gnu-tools-for-stm32.14.3.rel1.linux64_1.0.100.202602081740/tools/bin/../lib/gcc/arm-none-eabi/14.3.1/../../../../arm-none-eabi/lib/thumb/v7e-m+fp/hard/libc_nano.a(libc_a-mallocr.o)
                0x08012808                _malloc_r
 .text.__malloc_lock
                0x08012908        0xc /opt/st/stm32cubeide_2.1.1/plugins/com.st.stm32cube.ide.mcu.externaltools.gnu-tools-for-stm32.14.3.rel1.linux64_1.0.100.202602081740/tools/bin/../lib/gcc/arm-none-eabi/14.3.1/../../../../arm-none-eabi/lib/thumb/v7e-m+fp/hard/libc_nano.a(libc_a-mlock.o)
                0x08012908                __malloc_lock
 .text.__malloc_unlock
                0x08012914        0xc /opt/st/stm32cubeide_2.1.1/plugins/com.st.stm32cube.ide.mcu.externaltools.gnu-tools-for-stm32.14.3.rel1.linux64_1.0.100.202602081740/tools/bin/../lib/gcc/arm-none-eabi/14.3.1/../../../../arm-none-eabi/lib/thumb/v7e-m+fp/hard/libc_nano.a(libc_a-mlock.o)
                0x08012914                __malloc_unlock
 .text._Balloc  0x08012920       0x7c /opt/st/stm32cubeide_2.1.1/plugins/com.st.stm32cube.ide.mcu.externaltools.gnu-tools-for-stm32.14.3.rel1.linux64_1.0.100.202602081740/tools/bin/../lib/gcc/arm-none-eabi/14.3.1/../../../../arm-none-eabi/lib/thumb/v7e-m+fp/hard/libc_nano.a(libc_a-mprec.o)
                0x08012920                _Balloc
 .text._Bfree   0x0801299c       0x44 /opt/st/stm32cubeide_2.1.1/plugins/com.st.stm32cube.ide.mcu.externaltools.gnu-tools-for-stm32.14.3.rel1.linux64_1.0.100.202602081740/tools/bin/../lib/gcc/arm-none-eabi/14.3.1/../../../../arm-none-eabi/lib/thumb/v7e-m+fp/hard/libc_nano.a(libc_a-mprec.o)
                0x0801299c                _Bfree
 .text.__multadd
                0x080129e0       0x8c /opt/st/stm32cubeide_2.1.1/plugins/com.st.stm32cube.ide.mcu.externaltools.gnu-tools-for-stm32.14.3.rel1.linux64_1.0.100.202602081740/tools/bin/../lib/gcc/arm-none-eabi/14.3.1/../../../../arm-none-eabi/lib/thumb/v7e-m+fp/hard/libc_nano.a(libc_a-mprec.o)
                0x080129e0                __multadd
 .text.__s2b    0x08012a6c       0x94 /opt/st/stm32cubeide_2.1.1/plugins/com.st.stm32cube.ide.mcu.externaltools.gnu-tools-for-stm32.14.3.rel1.linux64_1.0.100.202602081740/tools/bin/../lib/gcc/arm-none-eabi/14.3.1/../../../../arm-none-eabi/lib/thumb/v7e-m+fp/hard/libc_nano.a(libc_a-mprec.o)
                0x08012a6c                __s2b
 .text.__hi0bits
                0x08012b00       0x3e /opt/st/stm32cubeide_2.1.1/plugins/com.st.stm32cube.ide.mcu.externaltools.gnu-tools-for-stm32.14.3.rel1.linux64_1.0.100.202602081740/tools/bin/../lib/gcc/arm-none-eabi/14.3.1/../../../../arm-none-eabi/lib/thumb/v7e-m+fp/hard/libc_nano.a(libc_a-mprec.o)
                0x08012b00                __hi0bits
 .text.__lo0bits
                0x08012b3e       0x5a /opt/st/stm32cubeide_2.1.1/plugins/com.st.stm32cube.ide.mcu.externaltools.gnu-tools-for-stm32.14.3.rel1.linux64_1.0.100.202602081740/tools/bin/../lib/gcc/arm-none-eabi/14.3.1/../../../../arm-none-eabi/lib/thumb/v7e-m+fp/hard/libc_nano.a(libc_a-mprec.o)
                0x08012b3e                __lo0bits
 .text.__i2b    0x08012b98       0x2c /opt/st/stm32cubeide_2.1.1/plugins/com.st.stm32cube.ide.mcu.externaltools.gnu-tools-for-stm32.14.3.rel1.linux64_1.0.100.202602081740/tools/bin/../lib/gcc/arm-none-eabi/14.3.1/../../../../arm-none-eabi/lib/thumb/v7e-m+fp/hard/libc_nano.a(libc_a-mprec.o)
                0x08012b98                __i2b
 .text.__multiply
                0x08012bc4      0x154 /opt/st/stm32cubeide_2.1.1/plugins/com.st.stm32cube.ide.mcu.externaltools.gnu-tools-for-stm32.14.3.rel1.linux64_1.0.100.202602081740/tools/bin/../lib/gcc/arm-none-eabi/14.3.1/../../../../arm-none-eabi/lib/thumb/v7e-m+fp/hard/libc_nano.a(libc_a-mprec.o)
                0x08012bc4                __multiply
 .text.__pow5mult
                0x08012d18       0xb8 /opt/st/stm32cubeide_2.1.1/plugins/com.st.stm32cube.ide.mcu.externaltools.gnu-tools-for-stm32.14.3.rel1.linux64_1.0.100.202602081740/tools/bin/../lib/gcc/arm-none-eabi/14.3.1/../../../../arm-none-eabi/lib/thumb/v7e-m+fp/hard/libc_nano.a(libc_a-mprec.o)
                0x08012d18                __pow5mult
 .text.__lshift
                0x08012dd0       0xdc /opt/st/stm32cubeide_2.1.1/plugins/com.st.stm32cube.ide.mcu.externaltools.gnu-tools-for-stm32.14.3.rel1.linux64_1.0.100.202602081740/tools/bin/../lib/gcc/arm-none-eabi/14.3.1/../../../../arm-none-eabi/lib/thumb/v7e-m+fp/hard/libc_nano.a(libc_a-mprec.o)
                0x08012dd0                __lshift
 .text.__mcmp   0x08012eac       0x36 /opt/st/stm32cubeide_2.1.1/plugins/com.st.stm32cube.ide.mcu.externaltools.gnu-tools-for-stm32.14.3.rel1.linux64_1.0.100.202602081740/tools/bin/../lib/gcc/arm-none-eabi/14.3.1/../../../../arm-none-eabi/lib/thumb/v7e-m+fp/hard/libc_nano.a(libc_a-mprec.o)
                0x08012eac                __mcmp
 *fill*         0x08012ee2        0x2 
 .text.__mdiff  0x08012ee4      0x130 /opt/st/stm32cubeide_2.1.1/plugins/com.st.stm32cube.ide.mcu.externaltools.gnu-tools-for-stm32.14.3.rel1.linux64_1.0.100.202602081740/tools/bin/../lib/gcc/arm-none-eabi/14.3.1/../../../../arm-none-eabi/lib/thumb/v7e-m+fp/hard/libc_nano.a(libc_a-mprec.o)
                0x08012ee4                __mdiff
 .text.__ulp    0x08013014       0x4c /opt/st/stm32cubeide_2.1.1/plugins/com.st.stm32cube.ide.mcu.externaltools.gnu-tools-for-stm32.14.3.rel1.linux64_1.0.100.202602081740/tools/bin/../lib/gcc/arm-none-eabi/14.3.1/../../../../arm-none-eabi/lib/thumb/v7e-m+fp/hard/libc_nano.a(libc_a-mprec.o)
                0x08013014                __ulp
 .text.__b2d    0x08013060       0x94 /opt/st/stm32cubeide_2.1.1/plugins/com.st.stm32cube.ide.mcu.externaltools.gnu-tools-for-stm32.14.3.rel1.linux64_1.0.100.202602081740/tools/bin/../lib/gcc/arm-none-eabi/14.3.1/../../../../arm-none-eabi/lib/thumb/v7e-m+fp/hard/libc_nano.a(libc_a-mprec.o)
                0x08013060                __b2d
 .text.__d2b    0x080130f4       0xb0 /opt/st/stm32cubeide_2.1.1/plugins/com.st.stm32cube.ide.mcu.externaltools.gnu-tools-for-stm32.14.3.rel1.linux64_1.0.100.202602081740/tools/bin/../lib/gcc/arm-none-eabi/14.3.1/../../../../arm-none-eabi/lib/thumb/v7e-m+fp/hard/libc_nano.a(libc_a-mprec.o)
                0x080130f4                __d2b
 .text.__ratio  0x080131a4       0x64 /opt/st/stm32cubeide_2.1.1/plugins/com.st.stm32cube.ide.mcu.externaltools.gnu-tools-for-stm32.14.3.rel1.linux64_1.0.100.202602081740/tools/bin/../lib/gcc/arm-none-eabi/14.3.1/../../../../arm-none-eabi/lib/thumb/v7e-m+fp/hard/libc_nano.a(libc_a-mprec.o)
                0x080131a4                __ratio
 .text.__copybits